Component: ARM Compiler 5.05 update 1 (build 106) Tool: armlink [4d0efa]

==============================================================================

Section Cross References

    main.o(i.DMA_CallBack) refers to main.o(.ARM.__AT_0x68000000) for SRAM_jpeg_buf
    main.o(i.DMA_CallBack) refers to main.o(.data) for nowdmalen
    main.o(i.DMA_CallBack) refers to main.o(.bss) for dma_half_buf1
    main.o(i.camera_start) refers to ov5640.o(i.OV5640_WR_Reg) for OV5640_WR_Reg
    main.o(i.camera_stop) refers to ov5640.o(i.OV5640_WR_Reg) for OV5640_WR_Reg
    main.o(i.get_img_data) refers to main.o(i.find_ffd8) for find_ffd8
    main.o(i.get_img_data) refers to main.o(i.find_ffd9) for find_ffd9
    main.o(i.get_img_data) refers to main.o(.data) for nowdmalen
    main.o(i.get_img_data) refers to main.o(.ARM.__AT_0x68000000) for SRAM_jpeg_buf
    main.o(i.jpeg_data_process) refers to stm32f4xx_dma.o(i.DMA_Cmd) for DMA_Cmd
    main.o(i.jpeg_data_process) refers to stm32f4xx_dma.o(i.DMA_GetCmdStatus) for DMA_GetCmdStatus
    main.o(i.jpeg_data_process) refers to stm32f4xx_dma.o(i.DMA_GetCurrDataCounter) for DMA_GetCurrDataCounter
    main.o(i.jpeg_data_process) refers to stm32f4xx_dma.o(i.DMA_SetCurrDataCounter) for DMA_SetCurrDataCounter
    main.o(i.jpeg_data_process) refers to main.o(.data) for jpeg_data_ok
    main.o(i.jpeg_data_process) refers to main.o(.ARM.__AT_0x68000000) for SRAM_jpeg_buf
    main.o(i.jpeg_data_process) refers to main.o(.bss) for dma_half_buf2
    main.o(i.main) refers to misc.o(i.NVIC_PriorityGroupConfig) for NVIC_PriorityGroupConfig
    main.o(i.main) refers to delay.o(i.delay_init) for delay_init
    main.o(i.main) refers to usart.o(i.uart2_init) for uart2_init
    main.o(i.main) refers to usart.o(i.uart3_init) for uart3_init
    main.o(i.main) refers to adc.o(i.Adc_Init) for Adc_Init
    main.o(i.main) refers to timer.o(i.TIM3_Int_Init) for TIM3_Int_Init
    main.o(i.main) refers to led.o(i.LED_Init) for LED_Init
    main.o(i.main) refers to delay.o(i.delay_ms) for delay_ms
    main.o(i.main) refers to pcf8563.o(i.PCF8563_Init) for PCF8563_Init
    main.o(i.main) refers to sram.o(i.FSMC_SRAM_Init) for FSMC_SRAM_Init
    main.o(i.main) refers to ov5640.o(i.OV5640_Init) for OV5640_Init
    main.o(i.main) refers to ov5640.o(i.OV5640_JPEG_Mode) for OV5640_JPEG_Mode
    main.o(i.main) refers to ov5640.o(i.OV5640_Focus_Init) for OV5640_Focus_Init
    main.o(i.main) refers to ov5640.o(i.OV5640_Light_Mode) for OV5640_Light_Mode
    main.o(i.main) refers to ov5640.o(i.OV5640_Color_Saturation) for OV5640_Color_Saturation
    main.o(i.main) refers to ov5640.o(i.OV5640_Brightness) for OV5640_Brightness
    main.o(i.main) refers to ov5640.o(i.OV5640_Contrast) for OV5640_Contrast
    main.o(i.main) refers to ov5640.o(i.OV5640_Sharpness) for OV5640_Sharpness
    main.o(i.main) refers to ov5640.o(i.OV5640_Focus_Constant) for OV5640_Focus_Constant
    main.o(i.main) refers to ov5640.o(i.OV5640_Special_Effects) for OV5640_Special_Effects
    main.o(i.main) refers to ec20.o(i.EC20_Init) for EC20_Init
    main.o(i.main) refers to pcf8563.o(i.PCF8563_GetTime) for PCF8563_GetTime
    main.o(i.main) refers to pcf8563.o(i.PCF8563_GetDate) for PCF8563_GetDate
    main.o(i.main) refers to dcmi.o(i.MY_DCMI_Init) for MY_DCMI_Init
    main.o(i.main) refers to dcmi.o(i.DCMI_DMA_Double_Init) for DCMI_DMA_Double_Init
    main.o(i.main) refers to ov5640.o(i.OV5640_OutSize_Set) for OV5640_OutSize_Set
    main.o(i.main) refers to led.o(i.camera_up) for camera_up
    main.o(i.main) refers to main.o(i.take_photo) for take_photo
    main.o(i.main) refers to led.o(i.camera_down) for camera_down
    main.o(i.main) refers to main.o(.bss) for dma_half_buf2
    main.o(i.main) refers to main.o(.constdata) for jpeg_img_size_tbl
    main.o(i.send_JPEG) refers to stm32f4xx_usart.o(i.USART_GetFlagStatus) for USART_GetFlagStatus
    main.o(i.send_JPEG) refers to stm32f4xx_usart.o(i.USART_SendData) for USART_SendData
    main.o(i.take_photo) refers to ov5640.o(i.OV5640_Focus_Single) for OV5640_Focus_Single
    main.o(i.take_photo) refers to dcmi.o(i.DCMI_Start) for DCMI_Start
    main.o(i.take_photo) refers to delay.o(i.delay_ms) for delay_ms
    main.o(i.take_photo) refers to main.o(i.get_img_data) for get_img_data
    main.o(i.take_photo) refers to main.o(i.JPEG_istrue) for JPEG_istrue
    main.o(i.take_photo) refers to main.o(i.send_JPEG) for send_JPEG
    main.o(i.take_photo) refers to dcmi.o(i.DCMI_Stop) for DCMI_Stop
    main.o(i.take_photo) refers to main.o(.data) for nowdmalen
    system_stm32f4xx.o(i.SystemCoreClockUpdate) refers to system_stm32f4xx.o(.data) for SystemCoreClock
    system_stm32f4xx.o(i.SystemInit) refers to system_stm32f4xx.o(i.SetSysClock) for SetSysClock
    led.o(i.LED_Init) refers to stm32f4xx_rcc.o(i.RCC_AHB1PeriphClockCmd) for RCC_AHB1PeriphClockCmd
    led.o(i.LED_Init) refers to stm32f4xx_rcc.o(i.RCC_APB2PeriphClockCmd) for RCC_APB2PeriphClockCmd
[...]
    Removing stm32f4xx_adc.o(i.ADC_StructInit), (20 bytes).
    Removing stm32f4xx_adc.o(i.ADC_TempSensorVrefintCmd), (44 bytes).
    Removing stm32f4xx_adc.o(i.ADC_VBATCmd), (44 bytes).
    Removing dadd.o(.text), (334 bytes).
    Removing dfixul.o(.text), (48 bytes).
    Removing cdrcmple.o(.text), (48 bytes).

469 unused section(s) (total 18664 bytes) removed from the image.

==============================================================================

Image Symbol Table

    Local Symbols

    Symbol Name                              Value     Ov Type        Size  Object(Section)

    ../clib/microlib/division.c              0x00000000   Number         0  uldiv.o ABSOLUTE
    ../clib/microlib/division.c              0x00000000   Number         0  uidiv.o ABSOLUTE
    ../clib/microlib/init/entry.s            0x00000000   Number         0  entry2.o ABSOLUTE
    ../clib/microlib/init/entry.s            0x00000000   Number         0  entry10a.o ABSOLUTE
    ../clib/microlib/init/entry.s            0x00000000   Number         0  entry9a.o ABSOLUTE
    ../clib/microlib/init/entry.s            0x00000000   Number         0  entry9b.o ABSOLUTE
    ../clib/microlib/init/entry.s            0x00000000   Number         0  entry10b.o ABSOLUTE
    ../clib/microlib/init/entry.s            0x00000000   Number         0  entry8b.o ABSOLUTE
    ../clib/microlib/init/entry.s            0x00000000   Number         0  entry.o ABSOLUTE
    ../clib/microlib/init/entry.s            0x00000000   Number         0  entry11a.o ABSOLUTE
    ../clib/microlib/init/entry.s            0x00000000   Number         0  entry8a.o ABSOLUTE
    ../clib/microlib/init/entry.s            0x00000000   Number         0  entry11b.o ABSOLUTE
    ../clib/microlib/init/entry.s            0x00000000   Number         0  entry7b.o ABSOLUTE
    ../clib/microlib/init/entry.s            0x00000000   Number         0  entry7a.o ABSOLUTE
    ../clib/microlib/init/entry.s            0x00000000   Number         0  entry5.o ABSOLUTE
    ../clib/microlib/longlong.c              0x00000000   Number         0  llshl.o ABSOLUTE
    ../clib/microlib/longlong.c              0x00000000   Number         0  llushr.o ABSOLUTE
    ../clib/microlib/longlong.c              0x00000000   Number         0  llsshr.o ABSOLUTE
    ../clib/microlib/printf/printf.c         0x00000000   Number         0  printf0.o ABSOLUTE
    ../clib/microlib/printf/printf.c         0x00000000   Number         0  printfa.o ABSOLUTE
    ../clib/microlib/printf/printf.c         0x00000000   Number         0  printfb.o ABSOLUTE
    ../clib/microlib/printf/printf.c         0x00000000   Number         0  printf1.o ABSOLUTE
    ../clib/microlib/printf/printf.c         0x00000000   Number         0  printf2.o ABSOLUTE
    ../clib/microlib/printf/printf.c         0x00000000   Number         0  printf3.o ABSOLUTE
    ../clib/microlib/printf/printf.c         0x00000000   Number         0  printf4.o ABSOLUTE
    ../clib/microlib/printf/printf.c         0x00000000   Number         0  printf5.o ABSOLUTE
    ../clib/microlib/printf/printf.c         0x00000000   Number         0  printf6.o ABSOLUTE
    ../clib/microlib/printf/printf.c         0x00000000   Number         0  printf7.o ABSOLUTE
    ../clib/microlib/printf/printf.c         0x00000000   Number         0  printf8.o ABSOLUTE
    ../clib/microlib/printf/stubs.s          0x00000000   Number         0  stubs.o ABSOLUTE
    ../clib/microlib/string/strstr.c         0x00000000   Number         0  strstr.o ABSOLUTE
    ../clib/microlib/stubs.s                 0x00000000   Number         0  iusefp.o ABSOLUTE
    ../clib/microlib/stubs.s                 0x00000000   Number         0  useno.o ABSOLUTE
    ../fplib/microlib/d2f.c                  0x00000000   Number         0  d2f.o ABSOLUTE
    ../fplib/microlib/f2d.c                  0x00000000   Number         0  f2d.o ABSOLUTE
    ../fplib/microlib/fpadd.c                0x00000000   Number         0  dadd.o ABSOLUTE
    ../fplib/microlib/fpdiv.c                0x00000000   Number         0  ddiv.o ABSOLUTE
    ../fplib/microlib/fpepilogue.c           0x00000000   Number         0  fepilogue.o ABSOLUTE
    ../fplib/microlib/fpepilogue.c           0x00000000   Number         0  depilogue.o ABSOLUTE
    ../fplib/microlib/fpfix.c                0x00000000   Number         0  dfixul.o ABSOLUTE
    ../fplib/microlib/fpmul.c                0x00000000   Number         0  dmul.o ABSOLUTE
    ..\CORE\startup_stm32f40_41xxx.s         0x00000000   Number         0  startup_stm32f40_41xxx.o ABSOLUTE
    ..\FWLIB\src\misc.c                      0x00000000   Number         0  misc.o ABSOLUTE
    ..\FWLIB\src\stm32f4xx_adc.c             0x00000000   Number         0  stm32f4xx_adc.o ABSOLUTE
    ..\FWLIB\src\stm32f4xx_dcmi.c            0x00000000   Number         0  stm32f4xx_dcmi.o ABSOLUTE
    ..\FWLIB\src\stm32f4xx_dma.c             0x00000000   Number         0  stm32f4xx_dma.o ABSOLUTE
    ..\FWLIB\src\stm32f4xx_exti.c            0x00000000   Number         0  stm32f4xx_exti.o ABSOLUTE
    ..\FWLIB\src\stm32f4xx_fsmc.c            0x00000000   Number         0  stm32f4xx_fsmc.o ABSOLUTE
    ..\FWLIB\src\stm32f4xx_gpio.c            0x00000000   Number         0  stm32f4xx_gpio.o ABSOLUTE
    ..\FWLIB\src\stm32f4xx_pwr.c             0x00000000   Number         0  stm32f4xx_pwr.o ABSOLUTE
    ..\FWLIB\src\stm32f4xx_rcc.c             0x00000000   Number         0  stm32f4xx_rcc.o ABSOLUTE
    ..\FWLIB\src\stm32f4xx_rtc.c             0x00000000   Number         0  stm32f4xx_rtc.o ABSOLUTE
    ..\FWLIB\src\stm32f4xx_syscfg.c          0x00000000   Number         0  stm32f4xx_syscfg.o ABSOLUTE
    ..\FWLIB\src\stm32f4xx_tim.c             0x00000000   Number         0  stm32f4xx_tim.o ABSOLUTE
    ..\FWLIB\src\stm32f4xx_usart.c           0x00000000   Number         0  stm32f4xx_usart.o ABSOLUTE
    ..\HARDWARE\ADC\adc.c                    0x00000000   Number         0  adc.o ABSOLUTE
    ..\HARDWARE\DCMI\dcmi.c                  0x00000000   Number         0  dcmi.o ABSOLUTE
    ..\HARDWARE\EC20\EC20.c                  0x00000000   Number         0  ec20.o ABSOLUTE
    ..\HARDWARE\LED\led.c                    0x00000000   Number         0  led.o ABSOLUTE
    ..\HARDWARE\OV5640\ov5640.c              0x00000000   Number         0  ov5640.o ABSOLUTE
    ..\HARDWARE\OV5640\sccb.c                0x00000000   Number         0  sccb.o ABSOLUTE
    ..\HARDWARE\PCF85163\iic.c               0x00000000   Number         0  iic.o ABSOLUTE
    ..\HARDWARE\PCF85163\pcf8563.c           0x00000000   Number         0  pcf8563.o ABSOLUTE
    ..\HARDWARE\RTC\rtc.c                    0x00000000   Number         0  rtc.o ABSOLUTE
    ..\HARDWARE\SRAM\sram.c                  0x00000000   Number         0  sram.o ABSOLUTE
    ..\HARDWARE\TIMER\timer.c                0x00000000   Number         0  timer.o ABSOLUTE
    ..\HARDWARE\WAKEUP\wakeup.c              0x00000000   Number         0  wakeup.o ABSOLUTE
    ..\SYSTEM\delay\delay.c                  0x00000000   Number         0  delay.o ABSOLUTE
    ..\SYSTEM\sys\sys.c                      0x00000000   Number         0  sys.o ABSOLUTE
    ..\SYSTEM\usart\usart.c                  0x00000000   Number         0  usart.o ABSOLUTE
    ..\\FWLIB\\src\\misc.c                   0x00000000   Number         0  misc.o ABSOLUTE
    ..\\FWLIB\\src\\stm32f4xx_adc.c          0x00000000   Number         0  stm32f4xx_adc.o ABSOLUTE
    ..\\FWLIB\\src\\stm32f4xx_dcmi.c         0x00000000   Number         0  stm32f4xx_dcmi.o ABSOLUTE
    ..\\FWLIB\\src\\stm32f4xx_dma.c          0x00000000   Number         0  stm32f4xx_dma.o ABSOLUTE
    ..\\FWLIB\\src\\stm32f4xx_exti.c         0x00000000   Number         0  stm32f4xx_exti.o ABSOLUTE
    ..\\FWLIB\\src\\stm32f4xx_fsmc.c         0x00000000   Number         0  stm32f4xx_fsmc.o ABSOLUTE
    ..\\FWLIB\\src\\stm32f4xx_gpio.c         0x00000000   Number         0  stm32f4xx_gpio.o ABSOLUTE
    ..\\FWLIB\\src\\stm32f4xx_pwr.c          0x00000000   Number         0  stm32f4xx_pwr.o ABSOLUTE
    ..\\FWLIB\\src\\stm32f4xx_rcc.c          0x00000000   Number         0  stm32f4xx_rcc.o ABSOLUTE
    ..\\FWLIB\\src\\stm32f4xx_rtc.c          0x00000000   Number         0  stm32f4xx_rtc.o ABSOLUTE
    ..\\FWLIB\\src\\stm32f4xx_syscfg.c       0x00000000   Number         0  stm32f4xx_syscfg.o ABSOLUTE
    ..\\FWLIB\\src\\stm32f4xx_tim.c          0x00000000   Number         0  stm32f4xx_tim.o ABSOLUTE
    ..\\FWLIB\\src\\stm32f4xx_usart.c        0x00000000   Number         0  stm32f4xx_usart.o ABSOLUTE
    ..\\HARDWARE\\ADC\\adc.c                 0x00000000   Number         0  adc.o ABSOLUTE
    ..\\HARDWARE\\DCMI\\dcmi.c               0x00000000   Number         0  dcmi.o ABSOLUTE
    ..\\HARDWARE\\EC20\\EC20.c               0x00000000   Number         0  ec20.o ABSOLUTE
    ..\\HARDWARE\\LED\\led.c                 0x00000000   Number         0  led.o ABSOLUTE
    ..\\HARDWARE\\OV5640\\ov5640.c           0x00000000   Number         0  ov5640.o ABSOLUTE
    ..\\HARDWARE\\OV5640\\sccb.c             0x00000000   Number         0  sccb.o ABSOLUTE
    ..\\HARDWARE\\PCF85163\\iic.c            0x00000000   Number         0  iic.o ABSOLUTE
    ..\\HARDWARE\\PCF85163\\pcf8563.c        0x00000000   Number         0  pcf8563.o ABSOLUTE
    ..\\HARDWARE\\RTC\\rtc.c                 0x00000000   Number         0  rtc.o ABSOLUTE
    ..\\HARDWARE\\SRAM\\sram.c               0x00000000   Number         0  sram.o ABSOLUTE
    ..\\HARDWARE\\TIMER\\timer.c             0x00000000   Number         0  timer.o ABSOLUTE
    ..\\HARDWARE\\WAKEUP\\wakeup.c           0x00000000   Number         0  wakeup.o ABSOLUTE
    ..\\SYSTEM\\delay\\delay.c               0x00000000   Number         0  delay.o ABSOLUTE
    ..\\SYSTEM\\sys\\sys.c                   0x00000000   Number         0  sys.o ABSOLUTE
    ..\\SYSTEM\\usart\\usart.c               0x00000000   Number         0  usart.o ABSOLUTE
    cdcmple.s                                0x00000000   Number         0  cdcmple.o ABSOLUTE
    cdrcmple.s                               0x00000000   Number         0  cdrcmple.o ABSOLUTE
    dc.s                                     0x00000000   Number         0  dc.o ABSOLUTE
    handlers.s                               0x00000000   Number         0  handlers.o ABSOLUTE
    init.s                                   0x00000000   Number         0  init.o ABSOLUTE
    main.c                                   0x00000000   Number         0  main.o ABSOLUTE
    main.c                                   0x00000000   Number         0  main.o ABSOLUTE
    stm32f4xx_it.c                           0x00000000   Number         0  stm32f4xx_it.o ABSOLUTE
    stm32f4xx_it.c                           0x00000000   Number         0  stm32f4xx_it.o ABSOLUTE
    system_stm32f4xx.c                       0x00000000   Number         0  system_stm32f4xx.o ABSOLUTE
    system_stm32f4xx.c                       0x00000000   Number         0  system_stm32f4xx.o ABSOLUTE
    RESET                                    0x08000000   Section      392  startup_stm32f40_41xxx.o(RESET)
    .ARM.Collect$$$$00000000                 0x08000188   Section        0  entry.o(.ARM.Collect$$$$00000000)
    .ARM.Collect$$$$00000001                 0x08000188   Section        4  entry2.o(.ARM.Collect$$$$00000001)
    .ARM.Collect$$$$00000004                 0x0800018c   Section        4  entry5.o(.ARM.Collect$$$$00000004)
    .ARM.Collect$$$$00000008                 0x08000190   Section        0  entry7b.o(.ARM.Collect$$$$00000008)
    .ARM.Collect$$$$0000000A                 0x08000190   Section        0  entry8b.o(.ARM.Collect$$$$0000000A)
    .ARM.Collect$$$$0000000B                 0x08000190   Section        8  entry9a.o(.ARM.Collect$$$$0000000B)
    .ARM.Collect$$$$0000000D                 0x08000198   Section        0  entry10a.o(.ARM.Collect$$$$0000000D)
    .ARM.Collect$$$$0000000F                 0x08000198   Section        0  entry11a.o(.ARM.Collect$$$$0000000F)
    .ARM.Collect$$$$00002712                 0x08000198   Section        4  entry2.o(.ARM.Collect$$$$00002712)
    __lit__00000000                          0x08000198   Data           4  entry2.o(.ARM.Collect$$$$00002712)
    .text                                    0x0800019c   Section       36  startup_stm32f40_41xxx.o(.text)
    $v0                                      0x0800019c   Number         0  startup_stm32f40_41xxx.o(.text)
    .text                                    0x080001c0   Section        0  strstr.o(.text)
    .text                                    0x080001e4   Section        0  dmul.o(.text)
    .text                                    0x080002c8   Section        0  ddiv.o(.text)
    .text                                    0x080003a6   Section        0  f2d.o(.text)
    .text                                    0x080003cc   Section       48  cdcmple.o(.text)
    .text                                    0x080003fc   Section        0  d2f.o(.text)
    .text                                    0x08000434   Section        0  uidiv.o(.text)
    .text                                    0x08000460   Section        0  fepilogue.o(.text)
    .text                                    0x08000460   Section        0  iusefp.o(.text)
    .text                                    0x080004ce   Section        0  depilogue.o(.text)
    .text                                    0x08000588   Section       36  init.o(.text)
    .text                                    0x080005ac   Section        0  llshl.o(.text)
    .text                                    0x080005ca   Section        0  llushr.o(.text)
    i.ADC_Cmd                                0x080005ea   Section        0  stm32f4xx_adc.o(i.ADC_Cmd)
    i.ADC_CommonInit                         0x08000600   Section        0  stm32f4xx_adc.o(i.ADC_CommonInit)
    i.ADC_GetConversionValue                 0x08000630   Section        0  stm32f4xx_adc.o(i.ADC_GetConversionValue)
    i.ADC_GetFlagStatus                      0x08000638   Section        0  stm32f4xx_adc.o(i.ADC_GetFlagStatus)
    i.ADC_Init                               0x0800064c   Section        0  stm32f4xx_adc.o(i.ADC_Init)
    i.ADC_RegularChannelConfig               0x080006a0   Section        0  stm32f4xx_adc.o(i.ADC_RegularChannelConfig)
    i.ADC_SoftwareStartConv                  0x08000758   Section        0  stm32f4xx_adc.o(i.ADC_SoftwareStartConv)
    i.Adc_Init                               0x08000764   Section        0  adc.o(i.Adc_Init)
    i.BusFault_Handler                       0x080007f0   Section        0  stm32f4xx_it.o(i.BusFault_Handler)
    i.Clear_Buffer                           0x080007f4   Section        0  ec20.o(i.Clear_Buffer)
    i.DCMI_CaptureCmd                        0x08000818   Section        0  stm32f4xx_dcmi.o(i.DCMI_CaptureCmd)
    i.DCMI_ClearITPendingBit                 0x0800083c   Section        0  stm32f4xx_dcmi.o(i.DCMI_ClearITPendingBit)
    i.DCMI_Cmd                               0x08000848   Section        0  stm32f4xx_dcmi.o(i.DCMI_Cmd)
    i.DCMI_DMA_Double_Init                   0x0800086c   Section        0  dcmi.o(i.DCMI_DMA_Double_Init)
    i.DCMI_DeInit                            0x08000918   Section        0  stm32f4xx_dcmi.o(i.DCMI_DeInit)
    i.DCMI_GetITStatus                       0x08000934   Section        0  stm32f4xx_dcmi.o(i.DCMI_GetITStatus)
    i.DCMI_IRQHandler                        0x08000950   Section        0  dcmi.o(i.DCMI_IRQHandler)
    i.DCMI_ITConfig                          0x08000978   Section        0  stm32f4xx_dcmi.o(i.DCMI_ITConfig)
    i.DCMI_Init                              0x0800099c   Section        0  stm32f4xx_dcmi.o(i.DCMI_Init)
    i.DCMI_Start                             0x080009dc   Section        0  dcmi.o(i.DCMI_Start)
    i.DCMI_Stop                              0x080009f4   Section        0  dcmi.o(i.DCMI_Stop)
    i.DMA2_Stream1_IRQHandler                0x08000a1c   Section        0  dcmi.o(i.DMA2_Stream1_IRQHandler)
    i.DMA_CallBack                           0x08000a40   Section        0  main.o(i.DMA_CallBack)
    i.DMA_ClearITPendingBit                  0x08000ad0   Section        0  stm32f4xx_dma.o(i.DMA_ClearITPendingBit)
    i.DMA_Cmd                                0x08000b04   Section        0  stm32f4xx_dma.o(i.DMA_Cmd)
    i.DMA_DeInit                             0x08000b1c   Section        0  stm32f4xx_dma.o(i.DMA_DeInit)
    i.DMA_DoubleBufferModeCmd                0x08000c74   Section        0  stm32f4xx_dma.o(i.DMA_DoubleBufferModeCmd)
    i.DMA_DoubleBufferModeConfig             0x08000c8a   Section        0  stm32f4xx_dma.o(i.DMA_DoubleBufferModeConfig)
    i.DMA_GetCmdStatus                       0x08000ca2   Section        0  stm32f4xx_dma.o(i.DMA_GetCmdStatus)
    i.DMA_GetCurrDataCounter                 0x08000cb6   Section        0  stm32f4xx_dma.o(i.DMA_GetCurrDataCounter)
    i.DMA_GetITStatus                        0x08000cc0   Section        0  stm32f4xx_dma.o(i.DMA_GetITStatus)
    i.DMA_ITConfig                           0x08000d24   Section        0  stm32f4xx_dma.o(i.DMA_ITConfig)
    i.DMA_Init                               0x08000d60   Section        0  stm32f4xx_dma.o(i.DMA_Init)
    i.DMA_SetCurrDataCounter                 0x08000db8   Section        0  stm32f4xx_dma.o(i.DMA_SetCurrDataCounter)
    i.DebugMon_Handler                       0x08000dbc   Section        0  stm32f4xx_it.o(i.DebugMon_Handler)
    i.EC200_GPIOInit                         0x08000dc0   Section        0  ec20.o(i.EC200_GPIOInit)
    i.EC20_GetUTC                            0x08000e3c   Section        0  ec20.o(i.EC20_GetUTC)
    i.EC20_Init                              0x08000fd0   Section        0  ec20.o(i.EC20_Init)
    i.EC20_Reset                             0x080015f0   Section        0  ec20.o(i.EC20_Reset)
    i.EXTI_ClearITPendingBit                 0x0800161c   Section        0  stm32f4xx_exti.o(i.EXTI_ClearITPendingBit)
    i.FSMC_NORSRAMCmd                        0x08001628   Section        0  stm32f4xx_fsmc.o(i.FSMC_NORSRAMCmd)
    i.FSMC_NORSRAMInit                       0x0800165c   Section        0  stm32f4xx_fsmc.o(i.FSMC_NORSRAMInit)
    i.FSMC_SRAM_Init                         0x08001744   Section        0  sram.o(i.FSMC_SRAM_Init)
    i.GPIO_Init                              0x08001a18   Section        0  stm32f4xx_gpio.o(i.GPIO_Init)
    i.GPIO_PinAFConfig                       0x08001aa8   Section        0  stm32f4xx_gpio.o(i.GPIO_PinAFConfig)
    i.GPIO_ResetBits                         0x08001aee   Section        0  stm32f4xx_gpio.o(i.GPIO_ResetBits)
    i.GPIO_Set                               0x08001af2   Section        0  sys.o(i.GPIO_Set)
    i.Get_Adc                                0x08001bd0   Section        0  adc.o(i.Get_Adc)
    i.Get_Adc_Average                        0x08001c00   Section        0  adc.o(i.Get_Adc_Average)
    i.HardFault_Handler                      0x08001c2e   Section        0  stm32f4xx_it.o(i.HardFault_Handler)
    i.IIC_Ack                                0x08001c34   Section        0  iic.o(i.IIC_Ack)
    i.IIC_GPIO_Init                          0x08001c78   Section        0  iic.o(i.IIC_GPIO_Init)
    i.IIC_Read_Byte                          0x08001ccc   Section        0  iic.o(i.IIC_Read_Byte)
    i.IIC_SDA_IN                             0x08001d2c   Section        0  iic.o(i.IIC_SDA_IN)
    i.IIC_SDA_OUT                            0x08001d4c   Section        0  iic.o(i.IIC_SDA_OUT)
    i.IIC_Start                              0x08001d74   Section        0  iic.o(i.IIC_Start)
    i.IIC_Stop                               0x08001db0   Section        0  iic.o(i.IIC_Stop)
    i.IIC_Write_Byte                         0x08001de8   Section        0  iic.o(i.IIC_Write_Byte)
    i.JPEG_istrue                            0x08001e70   Section        0  main.o(i.JPEG_istrue)
    i.LED_Init                               0x08001ea0   Section        0  led.o(i.LED_Init)
    i.MY_DCMI_Init                           0x08001f9c   Section        0  dcmi.o(i.MY_DCMI_Init)
    i.MemManage_Handler                      0x080020c8   Section        0  stm32f4xx_it.o(i.MemManage_Handler)
    i.NMI_Handler                            0x080020cc   Section        0  stm32f4xx_it.o(i.NMI_Handler)
    i.NVIC_Init                              0x080020d0   Section        0  misc.o(i.NVIC_Init)
    i.NVIC_PriorityGroupConfig               0x08002148   Section        0  misc.o(i.NVIC_PriorityGroupConfig)
    i.OV5640_Brightness                      0x0800215c   Section        0  ov5640.o(i.OV5640_Brightness)
    i.OV5640_Color_Saturation                0x080021b8   Section        0  ov5640.o(i.OV5640_Color_Saturation)
    i.OV5640_Contrast                        0x08002234   Section        0  ov5640.o(i.OV5640_Contrast)
    i.OV5640_Flash_Ctrl                      0x080022ac   Section        0  ov5640.o(i.OV5640_Flash_Ctrl)
    i.OV5640_Focus_Constant                  0x080022de   Section        0  ov5640.o(i.OV5640_Focus_Constant)
    i.OV5640_Focus_Init                      0x0800235c   Section        0  ov5640.o(i.OV5640_Focus_Init)
    i.OV5640_Focus_Single                    0x08002414   Section        0  ov5640.o(i.OV5640_Focus_Single)
    i.OV5640_GPIOInit                        0x08002450   Section        0  ov5640.o(i.OV5640_GPIOInit)
    i.OV5640_Init                            0x08002484   Section        0  ov5640.o(i.OV5640_Init)
    i.OV5640_JPEG_Mode                       0x08002550   Section        0  ov5640.o(i.OV5640_JPEG_Mode)
    i.OV5640_Light_Mode                      0x08002578   Section        0  ov5640.o(i.OV5640_Light_Mode)
    i.OV5640_OutSize_Set                     0x080025c0   Section        0  ov5640.o(i.OV5640_OutSize_Set)
    i.OV5640_RD_Reg                          0x08002640   Section        0  ov5640.o(i.OV5640_RD_Reg)
    i.OV5640_Sharpness                       0x0800267c   Section        0  ov5640.o(i.OV5640_Sharpness)
    i.OV5640_Special_Effects                 0x080026f8   Section        0  ov5640.o(i.OV5640_Special_Effects)
    i.OV5640_WR_Reg                          0x08002760   Section        0  ov5640.o(i.OV5640_WR_Reg)
    i.PCF8563_Check                          0x0800279c   Section        0  pcf8563.o(i.PCF8563_Check)
    i.PCF8563_GetDate                        0x080027f8   Section        0  pcf8563.o(i.PCF8563_GetDate)
    i.PCF8563_GetTime                        0x08002894   Section        0  pcf8563.o(i.PCF8563_GetTime)
    i.PCF8563_Get_Week                       0x08002904   Section        0  pcf8563.o(i.PCF8563_Get_Week)
    i.PCF8563_Init                           0x0800297c   Section        0  pcf8563.o(i.PCF8563_Init)
    i.PCF8563_Read_Byte                      0x080029c8   Section        0  pcf8563.o(i.PCF8563_Read_Byte)
    i.PCF8563_Read_nByte                     0x080029fc   Section        0  pcf8563.o(i.PCF8563_Read_nByte)
    i.PCF8563_SetMode                        0x08002a54   Section        0  pcf8563.o(i.PCF8563_SetMode)
    i.PCF8563_SetPowerReset                  0x08002a82   Section        0  pcf8563.o(i.PCF8563_SetPowerReset)
    i.PCF8563_Set_Times                      0x08002ab0   Section        0  pcf8563.o(i.PCF8563_Set_Times)
    i.PCF8563_Start                          0x08002bc4   Section        0  pcf8563.o(i.PCF8563_Start)
    i.PCF8563_Stop                           0x08002bee   Section        0  pcf8563.o(i.PCF8563_Stop)
    i.PCF8563_Write_Byte                     0x08002c08   Section        0  pcf8563.o(i.PCF8563_Write_Byte)
    i.PCF8563_Write_nByte                    0x08002c2c   Section        0  pcf8563.o(i.PCF8563_Write_nByte)
    i.PendSV_Handler                         0x08002c66   Section        0  stm32f4xx_it.o(i.PendSV_Handler)
    i.RCC_AHB1PeriphClockCmd                 0x08002c68   Section        0  stm32f4xx_rcc.o(i.RCC_AHB1PeriphClockCmd)
    i.RCC_AHB2PeriphClockCmd                 0x08002c88   Section        0  stm32f4xx_rcc.o(i.RCC_AHB2PeriphClockCmd)
    i.RCC_AHB3PeriphClockCmd                 0x08002ca8   Section        0  stm32f4xx_rcc.o(i.RCC_AHB3PeriphClockCmd)
    i.RCC_APB1PeriphClockCmd                 0x08002cc8   Section        0  stm32f4xx_rcc.o(i.RCC_APB1PeriphClockCmd)
    i.RCC_APB2PeriphClockCmd                 0x08002ce8   Section        0  stm32f4xx_rcc.o(i.RCC_APB2PeriphClockCmd)
    i.RCC_APB2PeriphResetCmd                 0x08002d08   Section        0  stm32f4xx_rcc.o(i.RCC_APB2PeriphResetCmd)
    i.RCC_GetClocksFreq                      0x08002d28   Section        0  stm32f4xx_rcc.o(i.RCC_GetClocksFreq)
    i.RTC_Alarm_IRQHandler                   0x08002e10   Section        0  rtc.o(i.RTC_Alarm_IRQHandler)
    i.RTC_Bcd2ToBin                          0x08002e2e   Section        0  pcf8563.o(i.RTC_Bcd2ToBin)
    RTC_Bcd2ToBin                            0x08002e2f   Thumb Code    22  pcf8563.o(i.RTC_Bcd2ToBin)
    i.RTC_BinToBcd2                          0x08002e44   Section        0  pcf8563.o(i.RTC_BinToBcd2)
    RTC_BinToBcd2                            0x08002e45   Thumb Code    28  pcf8563.o(i.RTC_BinToBcd2)
    i.RTC_ClearFlag                          0x08002e60   Section        0  stm32f4xx_rtc.o(i.RTC_ClearFlag)
    i.RTC_GetFlagStatus                      0x08002e7c   Section        0  stm32f4xx_rtc.o(i.RTC_GetFlagStatus)
    i.RTC_WKUP_IRQHandler                    0x08002ea4   Section        0  rtc.o(i.RTC_WKUP_IRQHandler)
    i.SCCB_Delay                             0x08002ec2   Section        0  sccb.o(i.SCCB_Delay)
    i.SCCB_Init                              0x08002ecc   Section        0  sccb.o(i.SCCB_Init)
    i.SCCB_No_Ack                            0x08002f20   Section        0  sccb.o(i.SCCB_No_Ack)
    i.SCCB_RD_Byte                           0x08002f58   Section        0  sccb.o(i.SCCB_RD_Byte)
    i.SCCB_Start                             0x08002fc4   Section        0  sccb.o(i.SCCB_Start)
    i.SCCB_Stop                              0x08002ff4   Section        0  sccb.o(i.SCCB_Stop)
    i.SCCB_WR_Byte                           0x08003020   Section        0  sccb.o(i.SCCB_WR_Byte)
    i.SVC_Handler                            0x080030c0   Section        0  stm32f4xx_it.o(i.SVC_Handler)
    i.SetSysClock                            0x080030c4   Section        0  system_stm32f4xx.o(i.SetSysClock)
    SetSysClock                              0x080030c5   Thumb Code   220  system_stm32f4xx.o(i.SetSysClock)
    i.SysTick_CLKSourceConfig                0x080031b0   Section        0  misc.o(i.SysTick_CLKSourceConfig)
    i.SysTick_Handler                        0x080031d8   Section        0  stm32f4xx_it.o(i.SysTick_Handler)
    i.SystemInit                             0x080031dc   Section        0  system_stm32f4xx.o(i.SystemInit)
    i.TIM3_IRQHandler                        0x08003244   Section        0  timer.o(i.TIM3_IRQHandler)
    i.TIM3_Int_Init                          0x08003360   Section        0  timer.o(i.TIM3_Int_Init)
    i.TIM_ClearITPendingBit                  0x080033bc   Section        0  stm32f4xx_tim.o(i.TIM_ClearITPendingBit)
    i.TIM_Cmd                                0x080033c2   Section        0  stm32f4xx_tim.o(i.TIM_Cmd)
    i.TIM_GetITStatus                        0x080033da   Section        0  stm32f4xx_tim.o(i.TIM_GetITStatus)
    i.TIM_ITConfig                           0x080033fc   Section        0  stm32f4xx_tim.o(i.TIM_ITConfig)
    i.TIM_TimeBaseInit                       0x08003410   Section        0  stm32f4xx_tim.o(i.TIM_TimeBaseInit)
    i.USART2_IRQHandler                      0x08003494   Section        0  usart.o(i.USART2_IRQHandler)
    i.USART_ClearFlag                        0x080034c8   Section        0  stm32f4xx_usart.o(i.USART_ClearFlag)
    i.USART_Cmd                              0x080034da   Section        0  stm32f4xx_usart.o(i.USART_Cmd)
    i.USART_GetFlagStatus                    0x080034f2   Section        0  stm32f4xx_usart.o(i.USART_GetFlagStatus)
    i.USART_GetITStatus                      0x0800350c   Section        0  stm32f4xx_usart.o(i.USART_GetITStatus)
    i.USART_ITConfig                         0x08003560   Section        0  stm32f4xx_usart.o(i.USART_ITConfig)
    i.USART_Init                             0x080035ac   Section        0  stm32f4xx_usart.o(i.USART_Init)
    i.USART_ReceiveData                      0x08003680   Section        0  stm32f4xx_usart.o(i.USART_ReceiveData)
    i.USART_SendData                         0x0800368a   Section        0  stm32f4xx_usart.o(i.USART_SendData)
    i.UsageFault_Handler                     0x08003692   Section        0  stm32f4xx_it.o(i.UsageFault_Handler)
    i.__0printf$3                            0x08003698   Section        0  printf3.o(i.__0printf$3)
    i.__scatterload_copy                     0x080036b8   Section       14  handlers.o(i.__scatterload_copy)
    i.__scatterload_null                     0x080036c6   Section        2  handlers.o(i.__scatterload_null)
    i.__scatterload_zeroinit                 0x080036c8   Section       14  handlers.o(i.__scatterload_zeroinit)
    i._printf_core                           0x080036d8   Section        0  printf3.o(i._printf_core)
    _printf_core                             0x080036d9   Thumb Code   436  printf3.o(i._printf_core)
    i.camera_down                            0x08003890   Section        0  led.o(i.camera_down)
    i.camera_up                              0x0800391c   Section        0  led.o(i.camera_up)
    i.delay_init                             0x080039a4   Section        0  delay.o(i.delay_init)
    i.delay_ms                               0x080039e0   Section        0  delay.o(i.delay_ms)
    i.delay_us                               0x08003a18   Section        0  delay.o(i.delay_us)
    i.delay_xms                              0x08003a64   Section        0  delay.o(i.delay_xms)
    i.find_ffd8                              0x08003ab0   Section        0  main.o(i.find_ffd8)
    find_ffd8                                0x08003ab1   Thumb Code    50  main.o(i.find_ffd8)
    i.find_ffd9                              0x08003ae8   Section        0  main.o(i.find_ffd9)
    find_ffd9                                0x08003ae9   Thumb Code    50  main.o(i.find_ffd9)
    i.fputc                                  0x08003b20   Section        0  usart.o(i.fputc)
    i.get_img_data                           0x08003b3c   Section        0  main.o(i.get_img_data)
    get_img_data                             0x08003b3d   Thumb Code    54  main.o(i.get_img_data)
    i.jpeg_data_process                      0x08003b7c   Section        0  main.o(i.jpeg_data_process)
    i.main                                   0x08003c28   Section        0  main.o(i.main)
    i.send_JPEG                              0x08003df4   Section        0  main.o(i.send_JPEG)
    i.take_photo                             0x08003e78   Section        0  main.o(i.take_photo)
    i.uart2_init                             0x08003f18   Section        0  usart.o(i.uart2_init)
    i.uart3_init                             0x08003fcc   Section        0  usart.o(i.uart3_init)
    .constdata                               0x08004058   Section       36  main.o(.constdata)
    .constdata                               0x0800407c   Section     5389  ov5640.o(.constdata)
    OV5640_EXPOSURE_TBL                      0x080054fd   Data          42  ov5640.o(.constdata)
    OV5640_LIGHTMODE_TBL                     0x08005527   Data          35  ov5640.o(.constdata)
    OV5640_SATURATION_TBL                    0x0800554a   Data          42  ov5640.o(.constdata)
    OV5640_EFFECTS_TBL                       0x08005574   Data          21  ov5640.o(.constdata)
    .constdata                               0x08005589   Section       12  pcf8563.o(.constdata)
    .data                                    0x20000000   Section       20  main.o(.data)
    .data                                    0x20000014   Section        1  dcmi.o(.data)
    .data                                    0x20000015   Section        1  timer.o(.data)
    time_flag                                0x20000015   Data           1  timer.o(.data)
    .data                                    0x20000018   Section       12  ec20.o(.data)
    .data                                    0x20000024   Section        8  pcf8563.o(.data)
    .data                                    0x2000002c   Section        4  delay.o(.data)
    fac_us                                   0x2000002c   Data           1  delay.o(.data)
    fac_ms                                   0x2000002e   Data           2  delay.o(.data)
    .data                                    0x20000030   Section        8  usart.o(.data)
    .data                                    0x20000038   Section       16  stm32f4xx_rcc.o(.data)
    APBAHBPrescTable                         0x20000038   Data          16  stm32f4xx_rcc.o(.data)
    .bss                                     0x20000048   Section    40960  main.o(.bss)
    .bss                                     0x2000a048   Section       14  dcmi.o(.bss)
    .bss                                     0x2000a056   Section      200  usart.o(.bss)
    STACK                                    0x2000a120   Section     1024  startup_stm32f40_41xxx.o(STACK)
    .ARM.__AT_0x68000000                     0x68000000   Section    819200  main.o(.ARM.__AT_0x68000000)

    Global Symbols

    Symbol Name                              Value     Ov Type        Size  Object(Section)

    BuildAttributes$$THM_ISAv4$E$P$D$K$B$S$7EM$VFPi3$EXTD16$VFPS$VFMA$PE$A:L22UL41UL21$X:L11$S22US41US21$IEEE1$IW$USESV6$~STKCKD$USESV7$~SHL$OTIME$ROPI$EBA8$MICROLIB$REQ8$PRES8$EABIv2 0x00000000   Number         0  anon$$obj.o ABSOLUTE
    __ARM_use_no_argv                        0x00000000   Number         0  main.o ABSOLUTE
    __use_no_errno                           0x00000000   Number         0  useno.o ABSOLUTE
    __use_no_exception_handling              0x00000000   Number         0  useno.o ABSOLUTE
    __use_no_fp                              0x00000000   Number         0  useno.o ABSOLUTE
    __use_no_heap                            0x00000000   Number         0  useno.o ABSOLUTE
    __use_no_heap_region                     0x00000000   Number         0  useno.o ABSOLUTE
    __use_no_semihosting                     0x00000000   Number         0  useno.o ABSOLUTE
    __use_no_semihosting_swi                 0x00000000   Number         0  useno.o ABSOLUTE
    __use_no_signal_handling                 0x00000000   Number         0  useno.o ABSOLUTE
    _printf_a                                0x00000000   Number         0  stubs.o ABSOLUTE
    _printf_c                                0x00000000   Number         0  stubs.o ABSOLUTE
    _printf_charcount                        0x00000000   Number         0  stubs.o ABSOLUTE
    _printf_d                                0x00000000   Number         0  stubs.o ABSOLUTE
    _printf_e                                0x00000000   Number         0  stubs.o ABSOLUTE
    _printf_f                                0x00000000   Number         0  stubs.o ABSOLUTE
    _printf_flags                            0x00000000   Number         0  stubs.o ABSOLUTE
    _printf_fp_dec                           0x00000000   Number         0  stubs.o ABSOLUTE
    _printf_fp_hex                           0x00000000   Number         0  stubs.o ABSOLUTE
    _printf_g                                0x00000000   Number         0  stubs.o ABSOLUTE
    _printf_i                                0x00000000   Number         0  stubs.o ABSOLUTE
    _printf_int_dec                          0x00000000   Number         0  stubs.o ABSOLUTE
    _printf_l                                0x00000000   Number         0  stubs.o ABSOLUTE
    _printf_lc                               0x00000000   Number         0  stubs.o ABSOLUTE
    _printf_ll                               0x00000000   Number         0  stubs.o ABSOLUTE
    _printf_lld                              0x00000000   Number         0  stubs.o ABSOLUTE
    _printf_lli                              0x00000000   Number         0  stubs.o ABSOLUTE
    _printf_llo                              0x00000000   Number         0  stubs.o ABSOLUTE
    _printf_llu                              0x00000000   Number         0  stubs.o ABSOLUTE
    _printf_llx                              0x00000000   Number         0  stubs.o ABSOLUTE
    _printf_longlong_dec                     0x00000000   Number         0  stubs.o ABSOLUTE
    _printf_longlong_hex                     0x00000000   Number         0  stubs.o ABSOLUTE
    _printf_longlong_oct                     0x00000000   Number         0  stubs.o ABSOLUTE
    _printf_ls                               0x00000000   Number         0  stubs.o ABSOLUTE
    _printf_mbtowc                           0x00000000   Number         0  stubs.o ABSOLUTE
    _printf_n                                0x00000000   Number         0  stubs.o ABSOLUTE
    _printf_o                                0x00000000   Number         0  stubs.o ABSOLUTE
    _printf_p                                0x00000000   Number         0  stubs.o ABSOLUTE
    _printf_percent                          0x00000000   Number         0  stubs.o ABSOLUTE
    _printf_pre_padding                      0x00000000   Number         0  stubs.o ABSOLUTE
    _printf_return_value                     0x00000000   Number         0  stubs.o ABSOLUTE
    _printf_s                                0x00000000   Number         0  stubs.o ABSOLUTE
    _printf_sizespec                         0x00000000   Number         0  stubs.o ABSOLUTE
    _printf_str                              0x00000000   Number         0  stubs.o ABSOLUTE
    _printf_truncate_signed                  0x00000000   Number         0  stubs.o ABSOLUTE
    _printf_truncate_unsigned                0x00000000   Number         0  stubs.o ABSOLUTE
    _printf_u                                0x00000000   Number         0  stubs.o ABSOLUTE
    _printf_wc                               0x00000000   Number         0  stubs.o ABSOLUTE
    _printf_wctomb                           0x00000000   Number         0  stubs.o ABSOLUTE
    _printf_widthprec                        0x00000000   Number         0  stubs.o ABSOLUTE
    _printf_x                                0x00000000   Number         0  stubs.o ABSOLUTE
    __cpp_initialize__aeabi_                  - Undefined Weak Reference
    __cxa_finalize                            - Undefined Weak Reference
    __decompress                              - Undefined Weak Reference
    _clock_init                               - Undefined Weak Reference
    _microlib_exit                            - Undefined Weak Reference
    __Vectors_Size                           0x00000188   Number         0  startup_stm32f40_41xxx.o ABSOLUTE
    __Vectors                                0x08000000   Data           4  startup_stm32f40_41xxx.o(RESET)
    __Vectors_End                            0x08000188   Data           0  startup_stm32f40_41xxx.o(RESET)
    __main                                   0x08000189   Thumb Code     0  entry.o(.ARM.Collect$$$$00000000)
    _main_stk                                0x08000189   Thumb Code     0  entry2.o(.ARM.Collect$$$$00000001)
    _main_scatterload                        0x0800018d   Thumb Code     0  entry5.o(.ARM.Collect$$$$00000004)
    __main_after_scatterload                 0x08000191   Thumb Code     0  entry5.o(.ARM.Collect$$$$00000004)
    _main_clock                              0x08000191   Thumb Code     0  entry7b.o(.ARM.Collect$$$$00000008)
    _main_cpp_init                           0x08000191   Thumb Code     0  entry8b.o(.ARM.Collect$$$$0000000A)
    _main_init                               0x08000191   Thumb Code     0  entry9a.o(.ARM.Collect$$$$0000000B)
    __rt_final_cpp                           0x08000199   Thumb Code     0  entry10a.o(.ARM.Collect$$$$0000000D)
    __rt_final_exit                          0x08000199   Thumb Code     0  entry11a.o(.ARM.Collect$$$$0000000F)
    Reset_Handler                            0x0800019d   Thumb Code     8  startup_stm32f40_41xxx.o(.text)
    ADC_IRQHandler                           0x080001b7   Thumb Code     0  startup_stm32f40_41xxx.o(.text)
    CAN1_RX0_IRQHandler                      0x080001b7   Thumb Code     0  startup_stm32f40_41xxx.o(.text)
    CAN1_RX1_IRQHandler                      0x080001b7   Thumb Code     0  startup_stm32f40_41xxx.o(.text)
    CAN1_SCE_IRQHandler                      0x080001b7   Thumb Code     0  startup_stm32f40_41xxx.o(.text)
    CAN1_TX_IRQHandler                       0x080001b7   Thumb Code     0  startup_stm32f40_41xxx.o(.text)
    CAN2_RX0_IRQHandler                      0x080001b7   Thumb Code     0  startup_stm32f40_41xxx.o(.text)
    CAN2_RX1_IRQHandler                      0x080001b7   Thumb Code     0  startup_stm32f40_41xxx.o(.text)
    CAN2_SCE_IRQHandler                      0x080001b7   Thumb Code     0  startup_stm32f40_41xxx.o(.text)
    CAN2_TX_IRQHandler                       0x080001b7   Thumb Code     0  startup_stm32f40_41xxx.o(.text)
    CRYP_IRQHandler                          0x080001b7   Thumb Code     0  startup_stm32f40_41xxx.o(.text)
    DMA1_Stream0_IRQHandler                  0x080001b7   Thumb Code     0  startup_stm32f40_41xxx.o(.text)
    DMA1_Stream1_IRQHandler                  0x080001b7   Thumb Code     0  startup_stm32f40_41xxx.o(.text)
    DMA1_Stream2_IRQHandler                  0x080001b7   Thumb Code     0  startup_stm32f40_41xxx.o(.text)
    DMA1_Stream3_IRQHandler                  0x080001b7   Thumb Code     0  startup_stm32f40_41xxx.o(.text)
    DMA1_Stream4_IRQHandler                  0x080001b7   Thumb Code     0  startup_stm32f40_41xxx.o(.text)
    DMA1_Stream5_IRQHandler                  0x080001b7   Thumb Code     0  startup_stm32f40_41xxx.o(.text)
    DMA1_Stream6_IRQHandler                  0x080001b7   Thumb Code     0  startup_stm32f40_41xxx.o(.text)
    DMA1_Stream7_IRQHandler                  0x080001b7   Thumb Code     0  startup_stm32f40_41xxx.o(.text)
    DMA2_Stream0_IRQHandler                  0x080001b7   Thumb Code     0  startup_stm32f40_41xxx.o(.text)
    DMA2_Stream2_IRQHandler                  0x080001b7   Thumb Code     0  startup_stm32f40_41xxx.o(.text)
    DMA2_Stream3_IRQHandler                  0x080001b7   Thumb Code     0  startup_stm32f40_41xxx.o(.text)
    DMA2_Stream4_IRQHandler                  0x080001b7   Thumb Code     0  startup_stm32f40_41xxx.o(.text)
    DMA2_Stream5_IRQHandler                  0x080001b7   Thumb Code     0  startup_stm32f40_41xxx.o(.text)
    DMA2_Stream6_IRQHandler                  0x080001b7   Thumb Code     0  startup_stm32f40_41xxx.o(.text)
    DMA2_Stream7_IRQHandler                  0x080001b7   Thumb Code     0  startup_stm32f40_41xxx.o(.text)
    ETH_IRQHandler                           0x080001b7   Thumb Code     0  startup_stm32f40_41xxx.o(.text)
    ETH_WKUP_IRQHandler                      0x080001b7   Thumb Code     0  startup_stm32f40_41xxx.o(.text)
    EXTI0_IRQHandler                         0x080001b7   Thumb Code     0  startup_stm32f40_41xxx.o(.text)
    EXTI15_10_IRQHandler                     0x080001b7   Thumb Code     0  startup_stm32f40_41xxx.o(.text)
    EXTI1_IRQHandler                         0x080001b7   Thumb Code     0  startup_stm32f40_41xxx.o(.text)
    EXTI2_IRQHandler                         0x080001b7   Thumb Code     0  startup_stm32f40_41xxx.o(.text)
    EXTI3_IRQHandler                         0x080001b7   Thumb Code     0  startup_stm32f40_41xxx.o(.text)
    EXTI4_IRQHandler                         0x080001b7   Thumb Code     0  startup_stm32f40_41xxx.o(.text)
    EXTI9_5_IRQHandler                       0x080001b7   Thumb Code     0  startup_stm32f40_41xxx.o(.text)
    FLASH_IRQHandler                         0x080001b7   Thumb Code     0  startup_stm32f40_41xxx.o(.text)
    FPU_IRQHandler                           0x080001b7   Thumb Code     0  startup_stm32f40_41xxx.o(.text)
    FSMC_IRQHandler                          0x080001b7   Thumb Code     0  startup_stm32f40_41xxx.o(.text)
    HASH_RNG_IRQHandler                      0x080001b7   Thumb Code     0  startup_stm32f40_41xxx.o(.text)
    I2C1_ER_IRQHandler                       0x080001b7   Thumb Code     0  startup_stm32f40_41xxx.o(.text)
    I2C1_EV_IRQHandler                       0x080001b7   Thumb Code     0  startup_stm32f40_41xxx.o(.text)
    I2C2_ER_IRQHandler                       0x080001b7   Thumb Code     0  startup_stm32f40_41xxx.o(.text)
    I2C2_EV_IRQHandler                       0x080001b7   Thumb Code     0  startup_stm32f40_41xxx.o(.text)
    I2C3_ER_IRQHandler                       0x080001b7   Thumb Code     0  startup_stm32f40_41xxx.o(.text)
    I2C3_EV_IRQHandler                       0x080001b7   Thumb Code     0  startup_stm32f40_41xxx.o(.text)
    OTG_FS_IRQHandler                        0x080001b7   Thumb Code     0  startup_stm32f40_41xxx.o(.text)
    OTG_FS_WKUP_IRQHandler                   0x080001b7   Thumb Code     0  startup_stm32f40_41xxx.o(.text)
    OTG_HS_EP1_IN_IRQHandler                 0x080001b7   Thumb Code     0  startup_stm32f40_41xxx.o(.text)
    OTG_HS_EP1_OUT_IRQHandler                0x080001b7   Thumb Code     0  startup_stm32f40_41xxx.o(.text)
    OTG_HS_IRQHandler                        0x080001b7   Thumb Code     0  startup_stm32f40_41xxx.o(.text)
    OTG_HS_WKUP_IRQHandler                   0x080001b7   Thumb Code     0  startup_stm32f40_41xxx.o(.text)
    PVD_IRQHandler                           0x080001b7   Thumb Code     0  startup_stm32f40_41xxx.o(.text)
    RCC_IRQHandler                           0x080001b7   Thumb Code     0  startup_stm32f40_41xxx.o(.text)
    SDIO_IRQHandler                          0x080001b7   Thumb Code     0  startup_stm32f40_41xxx.o(.text)
    SPI1_IRQHandler                          0x080001b7   Thumb Code     0  startup_stm32f40_41xxx.o(.text)
    SPI2_IRQHandler                          0x080001b7   Thumb Code     0  startup_stm32f40_41xxx.o(.text)
    SPI3_IRQHandler                          0x080001b7   Thumb Code     0  startup_stm32f40_41xxx.o(.text)
    TAMP_STAMP_IRQHandler                    0x080001b7   Thumb Code     0  startup_stm32f40_41xxx.o(.text)
    TIM1_BRK_TIM9_IRQHandler                 0x080001b7   Thumb Code     0  startup_stm32f40_41xxx.o(.text)
    TIM1_CC_IRQHandler                       0x080001b7   Thumb Code     0  startup_stm32f40_41xxx.o(.text)
    TIM1_TRG_COM_TIM11_IRQHandler            0x080001b7   Thumb Code     0  startup_stm32f40_41xxx.o(.text)
    TIM1_UP_TIM10_IRQHandler                 0x080001b7   Thumb Code     0  startup_stm32f40_41xxx.o(.text)
    TIM2_IRQHandler                          0x080001b7   Thumb Code     0  startup_stm32f40_41xxx.o(.text)
    TIM4_IRQHandler                          0x080001b7   Thumb Code     0  startup_stm32f40_41xxx.o(.text)
    TIM5_IRQHandler                          0x080001b7   Thumb Code     0  startup_stm32f40_41xxx.o(.text)
    TIM6_DAC_IRQHandler                      0x080001b7   Thumb Code     0  startup_stm32f40_41xxx.o(.text)
    TIM7_IRQHandler                          0x080001b7   Thumb Code     0  startup_stm32f40_41xxx.o(.text)
    TIM8_BRK_TIM12_IRQHandler                0x080001b7   Thumb Code     0  startup_stm32f40_41xxx.o(.text)
    TIM8_CC_IRQHandler                       0x080001b7   Thumb Code     0  startup_stm32f40_41xxx.o(.text)
    TIM8_TRG_COM_TIM14_IRQHandler            0x080001b7   Thumb Code     0  startup_stm32f40_41xxx.o(.text)
    TIM8_UP_TIM13_IRQHandler                 0x080001b7   Thumb Code     0  startup_stm32f40_41xxx.o(.text)
    UART4_IRQHandler                         0x080001b7   Thumb Code     0  startup_stm32f40_41xxx.o(.text)
    UART5_IRQHandler                         0x080001b7   Thumb Code     0  startup_stm32f40_41xxx.o(.text)
    USART1_IRQHandler                        0x080001b7   Thumb Code     0  startup_stm32f40_41xxx.o(.text)
    USART3_IRQHandler                        0x080001b7   Thumb Code     0  startup_stm32f40_41xxx.o(.text)
    USART6_IRQHandler                        0x080001b7   Thumb Code     0  startup_stm32f40_41xxx.o(.text)
    WWDG_IRQHandler                          0x080001b7   Thumb Code     0  startup_stm32f40_41xxx.o(.text)
    strstr                                   0x080001c1   Thumb Code    36  strstr.o(.text)
    __aeabi_dmul                             0x080001e5   Thumb Code   228  dmul.o(.text)
    __aeabi_ddiv                             0x080002c9   Thumb Code   222  ddiv.o(.text)
    __aeabi_f2d                              0x080003a7   Thumb Code    38  f2d.o(.text)
    __aeabi_cdcmpeq                          0x080003cd   Thumb Code     0  cdcmple.o(.text)
    __aeabi_cdcmple                          0x080003cd   Thumb Code    48  cdcmple.o(.text)
    __aeabi_d2f                              0x080003fd   Thumb Code    56  d2f.o(.text)
    __aeabi_uidiv                            0x08000435   Thumb Code     0  uidiv.o(.text)
    __aeabi_uidivmod                         0x08000435   Thumb Code    44  uidiv.o(.text)
    __I$use$fp                               0x08000461   Thumb Code     0  iusefp.o(.text)
    _float_round                             0x08000461   Thumb Code    18  fepilogue.o(.text)
    _float_epilogue                          0x08000473   Thumb Code    92  fepilogue.o(.text)
    _double_round                            0x080004cf   Thumb Code    30  depilogue.o(.text)
    _double_epilogue                         0x080004ed   Thumb Code   156  depilogue.o(.text)
    __scatterload                            0x08000589   Thumb Code    28  init.o(.text)
    __scatterload_rt2                        0x08000589   Thumb Code     0  init.o(.text)
    __aeabi_llsl                             0x080005ad   Thumb Code    30  llshl.o(.text)
    _ll_shift_l                              0x080005ad   Thumb Code     0  llshl.o(.text)
    __aeabi_llsr                             0x080005cb   Thumb Code    32  llushr.o(.text)
    _ll_ushift_r                             0x080005cb   Thumb Code     0  llushr.o(.text)
    ADC_Cmd                                  0x080005eb   Thumb Code    22  stm32f4xx_adc.o(i.ADC_Cmd)
    ADC_CommonInit                           0x08000601   Thumb Code    34  stm32f4xx_adc.o(i.ADC_CommonInit)
    ADC_GetConversionValue                   0x08000631   Thumb Code     8  stm32f4xx_adc.o(i.ADC_GetConversionValue)
    ADC_GetFlagStatus                        0x08000639   Thumb Code    18  stm32f4xx_adc.o(i.ADC_GetFlagStatus)
    ADC_Init                                 0x0800064d   Thumb Code    74  stm32f4xx_adc.o(i.ADC_Init)
    ADC_RegularChannelConfig                 0x080006a1   Thumb Code   184  stm32f4xx_adc.o(i.ADC_RegularChannelConfig)
    ADC_SoftwareStartConv                    0x08000759   Thumb Code    10  stm32f4xx_adc.o(i.ADC_SoftwareStartConv)
    Adc_Init                                 0x08000765   Thumb Code   130  adc.o(i.Adc_Init)
    BusFault_Handler                         0x080007f1   Thumb Code     4  stm32f4xx_it.o(i.BusFault_Handler)
    Clear_Buffer                             0x080007f5   Thumb Code    26  ec20.o(i.Clear_Buffer)
    DCMI_CaptureCmd                          0x08000819   Thumb Code    30  stm32f4xx_dcmi.o(i.DCMI_CaptureCmd)
    DCMI_ClearITPendingBit                   0x0800083d   Thumb Code     6  stm32f4xx_dcmi.o(i.DCMI_ClearITPendingBit)
    DCMI_Cmd                                 0x08000849   Thumb Code    30  stm32f4xx_dcmi.o(i.DCMI_Cmd)
    DCMI_DMA_Double_Init                     0x0800086d   Thumb Code   162  dcmi.o(i.DCMI_DMA_Double_Init)
    DCMI_DeInit                              0x08000919   Thumb Code    24  stm32f4xx_dcmi.o(i.DCMI_DeInit)
    DCMI_GetITStatus                         0x08000935   Thumb Code    24  stm32f4xx_dcmi.o(i.DCMI_GetITStatus)
    DCMI_IRQHandler                          0x08000951   Thumb Code    34  dcmi.o(i.DCMI_IRQHandler)
    DCMI_ITConfig                            0x08000979   Thumb Code    30  stm32f4xx_dcmi.o(i.DCMI_ITConfig)
    DCMI_Init                                0x0800099d   Thumb Code    60  stm32f4xx_dcmi.o(i.DCMI_Init)
    DCMI_Start                               0x080009dd   Thumb Code    18  dcmi.o(i.DCMI_Start)
    DCMI_Stop                                0x080009f5   Thumb Code    32  dcmi.o(i.DCMI_Stop)
    DMA2_Stream1_IRQHandler                  0x08000a1d   Thumb Code    28  dcmi.o(i.DMA2_Stream1_IRQHandler)
    DMA_CallBack                             0x08000a41   Thumb Code   120  main.o(i.DMA_CallBack)
    DMA_ClearITPendingBit                    0x08000ad1   Thumb Code    38  stm32f4xx_dma.o(i.DMA_ClearITPendingBit)
    DMA_Cmd                                  0x08000b05   Thumb Code    22  stm32f4xx_dma.o(i.DMA_Cmd)
    DMA_DeInit                               0x08000b1d   Thumb Code   324  stm32f4xx_dma.o(i.DMA_DeInit)
    DMA_DoubleBufferModeCmd                  0x08000c75   Thumb Code    22  stm32f4xx_dma.o(i.DMA_DoubleBufferModeCmd)
    DMA_DoubleBufferModeConfig               0x08000c8b   Thumb Code    24  stm32f4xx_dma.o(i.DMA_DoubleBufferModeConfig)
    DMA_GetCmdStatus                         0x08000ca3   Thumb Code    20  stm32f4xx_dma.o(i.DMA_GetCmdStatus)
    DMA_GetCurrDataCounter                   0x08000cb7   Thumb Code     8  stm32f4xx_dma.o(i.DMA_GetCurrDataCounter)
    DMA_GetITStatus                          0x08000cc1   Thumb Code    82  stm32f4xx_dma.o(i.DMA_GetITStatus)
    DMA_ITConfig                             0x08000d25   Thumb Code    58  stm32f4xx_dma.o(i.DMA_ITConfig)
    DMA_Init                                 0x08000d61   Thumb Code    82  stm32f4xx_dma.o(i.DMA_Init)
    DMA_SetCurrDataCounter                   0x08000db9   Thumb Code     4  stm32f4xx_dma.o(i.DMA_SetCurrDataCounter)
    DebugMon_Handler                         0x08000dbd   Thumb Code     2  stm32f4xx_it.o(i.DebugMon_Handler)
    EC200_GPIOInit                           0x08000dc1   Thumb Code   110  ec20.o(i.EC200_GPIOInit)
    EC20_GetUTC                              0x08000e3d   Thumb Code   376  ec20.o(i.EC20_GetUTC)
    EC20_Init                                0x08000fd1   Thumb Code  1492  ec20.o(i.EC20_Init)
    EC20_Reset                               0x080015f1   Thumb Code    24  ec20.o(i.EC20_Reset)
    EXTI_ClearITPendingBit                   0x0800161d   Thumb Code     6  stm32f4xx_exti.o(i.EXTI_ClearITPendingBit)
    FSMC_NORSRAMCmd                          0x08001629   Thumb Code    46  stm32f4xx_fsmc.o(i.FSMC_NORSRAMCmd)
    FSMC_NORSRAMInit                         0x0800165d   Thumb Code   230  stm32f4xx_fsmc.o(i.FSMC_NORSRAMInit)
    FSMC_SRAM_Init                           0x08001745   Thumb Code   702  sram.o(i.FSMC_SRAM_Init)
    GPIO_Init                                0x08001a19   Thumb Code   144  stm32f4xx_gpio.o(i.GPIO_Init)
    GPIO_PinAFConfig                         0x08001aa9   Thumb Code    70  stm32f4xx_gpio.o(i.GPIO_PinAFConfig)
    GPIO_ResetBits                           0x08001aef   Thumb Code     4  stm32f4xx_gpio.o(i.GPIO_ResetBits)
    GPIO_Set                                 0x08001af3   Thumb Code   222  sys.o(i.GPIO_Set)
    Get_Adc                                  0x08001bd1   Thumb Code    44  adc.o(i.Get_Adc)
    Get_Adc_Average                          0x08001c01   Thumb Code    46  adc.o(i.Get_Adc_Average)
    HardFault_Handler                        0x08001c2f   Thumb Code     4  stm32f4xx_it.o(i.HardFault_Handler)
    IIC_Ack                                  0x08001c35   Thumb Code    60  iic.o(i.IIC_Ack)
    IIC_GPIO_Init                            0x08001c79   Thumb Code    70  iic.o(i.IIC_GPIO_Init)
    IIC_Read_Byte                            0x08001ccd   Thumb Code    88  iic.o(i.IIC_Read_Byte)
    IIC_SDA_IN                               0x08001d2d   Thumb Code    28  iic.o(i.IIC_SDA_IN)
    IIC_SDA_OUT                              0x08001d4d   Thumb Code    36  iic.o(i.IIC_SDA_OUT)
    IIC_Start                                0x08001d75   Thumb Code    52  iic.o(i.IIC_Start)
    IIC_Stop                                 0x08001db1   Thumb Code    46  iic.o(i.IIC_Stop)
    IIC_Write_Byte                           0x08001de9   Thumb Code   126  iic.o(i.IIC_Write_Byte)
    JPEG_istrue                              0x08001e71   Thumb Code    48  main.o(i.JPEG_istrue)
    LED_Init                                 0x08001ea1   Thumb Code   234  led.o(i.LED_Init)
    MY_DCMI_Init                             0x08001f9d   Thumb Code   280  dcmi.o(i.MY_DCMI_Init)
    MemManage_Handler                        0x080020c9   Thumb Code     4  stm32f4xx_it.o(i.MemManage_Handler)
    NMI_Handler                              0x080020cd   Thumb Code     2  stm32f4xx_it.o(i.NMI_Handler)
    NVIC_Init                                0x080020d1   Thumb Code   106  misc.o(i.NVIC_Init)
    NVIC_PriorityGroupConfig                 0x08002149   Thumb Code    10  misc.o(i.NVIC_PriorityGroupConfig)
    OV5640_Brightness                        0x0800215d   Thumb Code    90  ov5640.o(i.OV5640_Brightness)
    OV5640_Color_Saturation                  0x080021b9   Thumb Code   120  ov5640.o(i.OV5640_Color_Saturation)
    OV5640_Contrast                          0x08002235   Thumb Code   120  ov5640.o(i.OV5640_Contrast)
    OV5640_Flash_Ctrl                        0x080022ad   Thumb Code    50  ov5640.o(i.OV5640_Flash_Ctrl)
    OV5640_Focus_Constant                    0x080022df   Thumb Code   124  ov5640.o(i.OV5640_Focus_Constant)
    OV5640_Focus_Init                        0x0800235d   Thumb Code   180  ov5640.o(i.OV5640_Focus_Init)
    OV5640_Focus_Single                      0x08002415   Thumb Code    60  ov5640.o(i.OV5640_Focus_Single)
    OV5640_GPIOInit                          0x08002451   Thumb Code    48  ov5640.o(i.OV5640_GPIOInit)
    OV5640_Init                              0x08002485   Thumb Code   182  ov5640.o(i.OV5640_Init)
    OV5640_JPEG_Mode                         0x08002551   Thumb Code    36  ov5640.o(i.OV5640_JPEG_Mode)
    OV5640_Light_Mode                        0x08002579   Thumb Code    66  ov5640.o(i.OV5640_Light_Mode)
    OV5640_OutSize_Set                       0x080025c1   Thumb Code   128  ov5640.o(i.OV5640_OutSize_Set)
    OV5640_RD_Reg                            0x08002641   Thumb Code    60  ov5640.o(i.OV5640_RD_Reg)
    OV5640_Sharpness                         0x0800267d   Thumb Code   122  ov5640.o(i.OV5640_Sharpness)
    OV5640_Special_Effects                   0x080026f9   Thumb Code    98  ov5640.o(i.OV5640_Special_Effects)
    OV5640_WR_Reg                            0x08002761   Thumb Code    60  ov5640.o(i.OV5640_WR_Reg)
    PCF8563_Check                            0x0800279d   Thumb Code    92  pcf8563.o(i.PCF8563_Check)
    PCF8563_GetDate                          0x080027f9   Thumb Code   150  pcf8563.o(i.PCF8563_GetDate)
    PCF8563_GetTime                          0x08002895   Thumb Code   106  pcf8563.o(i.PCF8563_GetTime)
    PCF8563_Get_Week                         0x08002905   Thumb Code   116  pcf8563.o(i.PCF8563_Get_Week)
    PCF8563_Init                             0x0800297d   Thumb Code    76  pcf8563.o(i.PCF8563_Init)
    PCF8563_Read_Byte                        0x080029c9   Thumb Code    52  pcf8563.o(i.PCF8563_Read_Byte)
    PCF8563_Read_nByte                       0x080029fd   Thumb Code    88  pcf8563.o(i.PCF8563_Read_nByte)
    PCF8563_SetMode                          0x08002a55   Thumb Code    46  pcf8563.o(i.PCF8563_SetMode)
    PCF8563_SetPowerReset                    0x08002a83   Thumb Code    46  pcf8563.o(i.PCF8563_SetPowerReset)
    PCF8563_Set_Times                        0x08002ab1   Thumb Code   270  pcf8563.o(i.PCF8563_Set_Times)
    PCF8563_Start                            0x08002bc5   Thumb Code    42  pcf8563.o(i.PCF8563_Start)
    PCF8563_Stop                             0x08002bef   Thumb Code    26  pcf8563.o(i.PCF8563_Stop)
    PCF8563_Write_Byte                       0x08002c09   Thumb Code    36  pcf8563.o(i.PCF8563_Write_Byte)
    PCF8563_Write_nByte                      0x08002c2d   Thumb Code    58  pcf8563.o(i.PCF8563_Write_nByte)
    PendSV_Handler                           0x08002c67   Thumb Code     2  stm32f4xx_it.o(i.PendSV_Handler)
    RCC_AHB1PeriphClockCmd                   0x08002c69   Thumb Code    26  stm32f4xx_rcc.o(i.RCC_AHB1PeriphClockCmd)
    RCC_AHB2PeriphClockCmd                   0x08002c89   Thumb Code    26  stm32f4xx_rcc.o(i.RCC_AHB2PeriphClockCmd)
    RCC_AHB3PeriphClockCmd                   0x08002ca9   Thumb Code    26  stm32f4xx_rcc.o(i.RCC_AHB3PeriphClockCmd)
    RCC_APB1PeriphClockCmd                   0x08002cc9   Thumb Code    26  stm32f4xx_rcc.o(i.RCC_APB1PeriphClockCmd)
    RCC_APB2PeriphClockCmd                   0x08002ce9   Thumb Code    26  stm32f4xx_rcc.o(i.RCC_APB2PeriphClockCmd)
    RCC_APB2PeriphResetCmd                   0x08002d09   Thumb Code    26  stm32f4xx_rcc.o(i.RCC_APB2PeriphResetCmd)
    RCC_GetClocksFreq                        0x08002d29   Thumb Code   214  stm32f4xx_rcc.o(i.RCC_GetClocksFreq)
    RTC_Alarm_IRQHandler                     0x08002e11   Thumb Code    30  rtc.o(i.RTC_Alarm_IRQHandler)
    RTC_ClearFlag                            0x08002e61   Thumb Code    24  stm32f4xx_rtc.o(i.RTC_ClearFlag)
    RTC_GetFlagStatus                        0x08002e7d   Thumb Code    32  stm32f4xx_rtc.o(i.RTC_GetFlagStatus)
    RTC_WKUP_IRQHandler                      0x08002ea5   Thumb Code    30  rtc.o(i.RTC_WKUP_IRQHandler)
    SCCB_Delay                               0x08002ec3   Thumb Code    10  sccb.o(i.SCCB_Delay)
    SCCB_Init                                0x08002ecd   Thumb Code    74  sccb.o(i.SCCB_Init)
    SCCB_No_Ack                              0x08002f21   Thumb Code    48  sccb.o(i.SCCB_No_Ack)
    SCCB_RD_Byte                             0x08002f59   Thumb Code    96  sccb.o(i.SCCB_RD_Byte)
    SCCB_Start                               0x08002fc5   Thumb Code    38  sccb.o(i.SCCB_Start)
    SCCB_Stop                                0x08002ff5   Thumb Code    36  sccb.o(i.SCCB_Stop)
    SCCB_WR_Byte                             0x08003021   Thumb Code   146  sccb.o(i.SCCB_WR_Byte)
    SVC_Handler                              0x080030c1   Thumb Code     2  stm32f4xx_it.o(i.SVC_Handler)
    SysTick_CLKSourceConfig                  0x080031b1   Thumb Code    40  misc.o(i.SysTick_CLKSourceConfig)
    SysTick_Handler                          0x080031d9   Thumb Code     2  stm32f4xx_it.o(i.SysTick_Handler)
    SystemInit                               0x080031dd   Thumb Code    88  system_stm32f4xx.o(i.SystemInit)
    TIM3_IRQHandler                          0x08003245   Thumb Code   234  timer.o(i.TIM3_IRQHandler)
    TIM3_Int_Init                            0x08003361   Thumb Code    86  timer.o(i.TIM3_Int_Init)
    TIM_ClearITPendingBit                    0x080033bd   Thumb Code     6  stm32f4xx_tim.o(i.TIM_ClearITPendingBit)
    TIM_Cmd                                  0x080033c3   Thumb Code    24  stm32f4xx_tim.o(i.TIM_Cmd)
    TIM_GetITStatus                          0x080033db   Thumb Code    34  stm32f4xx_tim.o(i.TIM_GetITStatus)
    TIM_ITConfig                             0x080033fd   Thumb Code    18  stm32f4xx_tim.o(i.TIM_ITConfig)
    TIM_TimeBaseInit                         0x08003411   Thumb Code   104  stm32f4xx_tim.o(i.TIM_TimeBaseInit)
    USART2_IRQHandler                        0x08003495   Thumb Code    40  usart.o(i.USART2_IRQHandler)
    USART_ClearFlag                          0x080034c9   Thumb Code    18  stm32f4xx_usart.o(i.USART_ClearFlag)
    USART_Cmd                                0x080034db   Thumb Code    24  stm32f4xx_usart.o(i.USART_Cmd)
    USART_GetFlagStatus                      0x080034f3   Thumb Code    26  stm32f4xx_usart.o(i.USART_GetFlagStatus)
    USART_GetITStatus                        0x0800350d   Thumb Code    84  stm32f4xx_usart.o(i.USART_GetITStatus)
    USART_ITConfig                           0x08003561   Thumb Code    74  stm32f4xx_usart.o(i.USART_ITConfig)
    USART_Init                               0x080035ad   Thumb Code   204  stm32f4xx_usart.o(i.USART_Init)
    USART_ReceiveData                        0x08003681   Thumb Code    10  stm32f4xx_usart.o(i.USART_ReceiveData)
    USART_SendData                           0x0800368b   Thumb Code     8  stm32f4xx_usart.o(i.USART_SendData)
    UsageFault_Handler                       0x08003693   Thumb Code     4  stm32f4xx_it.o(i.UsageFault_Handler)
    __0printf$3                              0x08003699   Thumb Code    22  printf3.o(i.__0printf$3)
    __1printf$3                              0x08003699   Thumb Code     0  printf3.o(i.__0printf$3)
    __2printf                                0x08003699   Thumb Code     0  printf3.o(i.__0printf$3)
    __scatterload_copy                       0x080036b9   Thumb Code    14  handlers.o(i.__scatterload_copy)
    __scatterload_null                       0x080036c7   Thumb Code     2  handlers.o(i.__scatterload_null)
    __scatterload_zeroinit                   0x080036c9   Thumb Code    14  handlers.o(i.__scatterload_zeroinit)
    camera_down                              0x08003891   Thumb Code   118  led.o(i.camera_down)
    camera_up                                0x0800391d   Thumb Code   120  led.o(i.camera_up)
    delay_init                               0x080039a5   Thumb Code    52  delay.o(i.delay_init)
    delay_ms                                 0x080039e1   Thumb Code    56  delay.o(i.delay_ms)
    delay_us                                 0x08003a19   Thumb Code    72  delay.o(i.delay_us)
    delay_xms                                0x08003a65   Thumb Code    72  delay.o(i.delay_xms)
    fputc                                    0x08003b21   Thumb Code    24  usart.o(i.fputc)
    jpeg_data_process                        0x08003b7d   Thumb Code   148  main.o(i.jpeg_data_process)
    main                                     0x08003c29   Thumb Code   438  main.o(i.main)
    send_JPEG                                0x08003df5   Thumb Code   124  main.o(i.send_JPEG)
    take_photo                               0x08003e79   Thumb Code   148  main.o(i.take_photo)
    uart2_init                               0x08003f19   Thumb Code   172  usart.o(i.uart2_init)
    uart3_init                               0x08003fcd   Thumb Code   132  usart.o(i.uart3_init)
    jpeg_img_size_tbl                        0x08004058   Data          36  main.o(.constdata)
    OV5640_jpeg_reg_tbl                      0x0800407c   Data         164  ov5640.o(.constdata)
    ov5640_rgb565_reg_tbl                    0x08004120   Data         180  ov5640.o(.constdata)
    ov5640_init_reg_tbl                      0x080041d4   Data         828  ov5640.o(.constdata)
    OV5640_AF_Config                         0x08004510   Data        4077  ov5640.o(.constdata)
    table_week                               0x08005589   Data          12  pcf8563.o(.constdata)
    Region$$Table$$Base                      0x08005598   Number         0  anon$$obj.o(Region$$Table)
    Region$$Table$$Limit                     0x080055b8   Number         0  anon$$obj.o(Region$$Table)
    jpeg_buf_size                            0x20000000   Data           4  main.o(.data)
    jpeg_data_len                            0x20000004   Data           4  main.o(.data)
    jpeg_data_ok                             0x20000008   Data           1  main.o(.data)
    nowdmalen                                0x2000000c   Data           4  main.o(.data)
    dmatime                                  0x20000010   Data           4  main.o(.data)
    ov_frame                                 0x20000014   Data           1  dcmi.o(.data)
    strx                                     0x20000018   Data           4  ec20.o(.data)
    extstrx                                  0x2000001c   Data           4  ec20.o(.data)
    Readystrx                                0x20000020   Data           4  ec20.o(.data)
    buffer                                   0x20000024   Data           4  pcf8563.o(.data)
    buffer1                                  0x20000028   Data           4  pcf8563.o(.data)
    Rxcouter                                 0x20000030   Data           1  usart.o(.data)
    __stdout                                 0x20000034   Data           4  usart.o(.data)
    dma_half_buf1                            0x20000048   Data       20480  main.o(.bss)
    dma_half_buf2                            0x20005048   Data       20480  main.o(.bss)
    DCMI_InitStructure                       0x2000a048   Data          14  dcmi.o(.bss)
    RxBuffer                                 0x2000a056   Data         200  usart.o(.bss)
    __initial_sp                             0x2000a520   Data           0  startup_stm32f40_41xxx.o(STACK)
    SRAM_jpeg_buf                            0x68000000   Data       819200  main.o(.ARM.__AT_0x68000000)



==============================================================================

Memory Map of the image

  Image Entry point : 0x08000189

  Load Region LR_IROM1 (Base: 0x08000000, Size: 0x00005600, Max: 0x00080000, ABSOLUTE)

    Execution Region ER_IROM1 (Base: 0x08000000, Size: 0x000055b8, Max: 0x00080000, ABSOLUTE)

    Base Addr    Size         Type   Attr      Idx    E Section Name        Object

    0x08000000   0x00000188   Data   RO         1451    RESET               startup_stm32f40_41xxx.o
    0x08000188   0x00000000   Code   RO         3933  * .ARM.Collect$$$$00000000  mc_w.l(entry.o)
    0x08000188   0x00000004   Code   RO         4209    .ARM.Collect$$$$00000001  mc_w.l(entry2.o)
    0x0800018c   0x00000004   Code   RO         4212    .ARM.Collect$$$$00000004  mc_w.l(entry5.o)
    0x08000190   0x00000000   Code   RO         4214    .ARM.Collect$$$$00000008  mc_w.l(entry7b.o)
    0x08000190   0x00000000   Code   RO         4216    .ARM.Collect$$$$0000000A  mc_w.l(entry8b.o)
    0x08000190   0x00000008   Code   RO         4217    .ARM.Collect$$$$0000000B  mc_w.l(entry9a.o)
    0x08000198   0x00000000   Code   RO         4219    .ARM.Collect$$$$0000000D  mc_w.l(entry10a.o)
    0x08000198   0x00000000   Code   RO         4221    .ARM.Collect$$$$0000000F  mc_w.l(entry11a.o)
    0x08000198   0x00000004   Code   RO         4210    .ARM.Collect$$$$00002712  mc_w.l(entry2.o)
    0x0800019c   0x00000024   Code   RO         1452    .text               startup_stm32f40_41xxx.o
    0x080001c0   0x00000024   Code   RO         3936    .text               mc_w.l(strstr.o)
    0x080001e4   0x000000e4   Code   RO         4199    .text               mf_w.l(dmul.o)
    0x080002c8   0x000000de   Code   RO         4201    .text               mf_w.l(ddiv.o)
    0x080003a6   0x00000026   Code   RO         4203    .text               mf_w.l(f2d.o)
    0x080003cc   0x00000030   Code   RO         4205    .text               mf_w.l(cdcmple.o)
    0x080003fc   0x00000038   Code   RO         4207    .text               mf_w.l(d2f.o)
    0x08000434   0x0000002c   Code   RO         4223    .text               mc_w.l(uidiv.o)
    0x08000460   0x00000000   Code   RO         4227    .text               mc_w.l(iusefp.o)
    0x08000460   0x0000006e   Code   RO         4228    .text               mf_w.l(fepilogue.o)
    0x080004ce   0x000000ba   Code   RO         4230    .text               mf_w.l(depilogue.o)
    0x08000588   0x00000024   Code   RO         4238    .text               mc_w.l(init.o)
    0x080005ac   0x0000001e   Code   RO         4240    .text               mc_w.l(llshl.o)
    0x080005ca   0x00000020   Code   RO         4242    .text               mc_w.l(llushr.o)
    0x080005ea   0x00000016   Code   RO         3696    i.ADC_Cmd           stm32f4xx_adc.o
    0x08000600   0x00000030   Code   RO         3697    i.ADC_CommonInit    stm32f4xx_adc.o
    0x08000630   0x00000008   Code   RO         3708    i.ADC_GetConversionValue  stm32f4xx_adc.o
    0x08000638   0x00000012   Code   RO         3709    i.ADC_GetFlagStatus  stm32f4xx_adc.o
    0x0800064a   0x00000002   PAD
    0x0800064c   0x00000054   Code   RO         3716    i.ADC_Init          stm32f4xx_adc.o
    0x080006a0   0x000000b8   Code   RO         3721    i.ADC_RegularChannelConfig  stm32f4xx_adc.o
    0x08000758   0x0000000a   Code   RO         3723    i.ADC_SoftwareStartConv  stm32f4xx_adc.o
    0x08000762   0x00000002   PAD
    0x08000764   0x0000008c   Code   RO         1213    i.Adc_Init          adc.o
    0x080007f0   0x00000004   Code   RO          256    i.BusFault_Handler  stm32f4xx_it.o
    0x080007f4   0x00000024   Code   RO          530    i.Clear_Buffer      ec20.o
    0x08000818   0x00000024   Code   RO         1509    i.DCMI_CaptureCmd   stm32f4xx_dcmi.o
    0x0800083c   0x0000000c   Code   RO         1511    i.DCMI_ClearITPendingBit  stm32f4xx_dcmi.o
    0x08000848   0x00000024   Code   RO         1512    i.DCMI_Cmd          stm32f4xx_dcmi.o
    0x0800086c   0x000000ac   Code   RO          434    i.DCMI_DMA_Double_Init  dcmi.o
    0x08000918   0x0000001c   Code   RO         1513    i.DCMI_DeInit       stm32f4xx_dcmi.o
    0x08000934   0x0000001c   Code   RO         1515    i.DCMI_GetITStatus  stm32f4xx_dcmi.o
    0x08000950   0x00000028   Code   RO          436    i.DCMI_IRQHandler   dcmi.o
    0x08000978   0x00000024   Code   RO         1516    i.DCMI_ITConfig     stm32f4xx_dcmi.o
    0x0800099c   0x00000040   Code   RO         1517    i.DCMI_Init         stm32f4xx_dcmi.o
    0x080009dc   0x00000018   Code   RO          437    i.DCMI_Start        dcmi.o
    0x080009f4   0x00000028   Code   RO          438    i.DCMI_Stop         dcmi.o
    0x08000a1c   0x00000024   Code   RO          439    i.DMA2_Stream1_IRQHandler  dcmi.o
    0x08000a40   0x00000090   Code   RO            4    i.DMA_CallBack      main.o
    0x08000ad0   0x00000034   Code   RO         1853    i.DMA_ClearITPendingBit  stm32f4xx_dma.o
    0x08000b04   0x00000016   Code   RO         1854    i.DMA_Cmd           stm32f4xx_dma.o
    0x08000b1a   0x00000002   PAD
    0x08000b1c   0x00000158   Code   RO         1855    i.DMA_DeInit        stm32f4xx_dma.o
    0x08000c74   0x00000016   Code   RO         1856    i.DMA_DoubleBufferModeCmd  stm32f4xx_dma.o
    0x08000c8a   0x00000018   Code   RO         1857    i.DMA_DoubleBufferModeConfig  stm32f4xx_dma.o
    0x08000ca2   0x00000014   Code   RO         1859    i.DMA_GetCmdStatus  stm32f4xx_dma.o
    0x08000cb6   0x00000008   Code   RO         1860    i.DMA_GetCurrDataCounter  stm32f4xx_dma.o
    0x08000cbe   0x00000002   PAD
    0x08000cc0   0x00000064   Code   RO         1864    i.DMA_GetITStatus   stm32f4xx_dma.o
    0x08000d24   0x0000003a   Code   RO         1865    i.DMA_ITConfig      stm32f4xx_dma.o
    0x08000d5e   0x00000002   PAD
    0x08000d60   0x00000058   Code   RO         1866    i.DMA_Init          stm32f4xx_dma.o
    0x08000db8   0x00000004   Code   RO         1869    i.DMA_SetCurrDataCounter  stm32f4xx_dma.o
    0x08000dbc   0x00000002   Code   RO          257    i.DebugMon_Handler  stm32f4xx_it.o
    0x08000dbe   0x00000002   PAD
    0x08000dc0   0x0000007c   Code   RO          531    i.EC200_GPIOInit    ec20.o
    0x08000e3c   0x00000194   Code   RO          535    i.EC20_GetUTC       ec20.o
    0x08000fd0   0x00000620   Code   RO          536    i.EC20_Init         ec20.o
    0x080015f0   0x0000002c   Code   RO          537    i.EC20_Reset        ec20.o
    0x0800161c   0x0000000c   Code   RO         3141    i.EXTI_ClearITPendingBit  stm32f4xx_exti.o
    0x08001628   0x00000034   Code   RO         1728    i.FSMC_NORSRAMCmd   stm32f4xx_fsmc.o
    0x0800165c   0x000000e6   Code   RO         1730    i.FSMC_NORSRAMInit  stm32f4xx_fsmc.o
    0x08001742   0x00000002   PAD
    0x08001744   0x000002d4   Code   RO          906    i.FSMC_SRAM_Init    sram.o
    0x08001a18   0x00000090   Code   RO         1616    i.GPIO_Init         stm32f4xx_gpio.o
    0x08001aa8   0x00000046   Code   RO         1617    i.GPIO_PinAFConfig  stm32f4xx_gpio.o
    0x08001aee   0x00000004   Code   RO         1623    i.GPIO_ResetBits    stm32f4xx_gpio.o
    0x08001af2   0x000000de   Code   RO         1296    i.GPIO_Set          sys.o
    0x08001bd0   0x00000030   Code   RO         1214    i.Get_Adc           adc.o
    0x08001c00   0x0000002e   Code   RO         1215    i.Get_Adc_Average   adc.o
    0x08001c2e   0x00000004   Code   RO          258    i.HardFault_Handler  stm32f4xx_it.o
    0x08001c32   0x00000002   PAD
    0x08001c34   0x00000044   Code   RO          951    i.IIC_Ack           iic.o
    0x08001c78   0x00000054   Code   RO          952    i.IIC_GPIO_Init     iic.o
    0x08001ccc   0x00000060   Code   RO          953    i.IIC_Read_Byte     iic.o
    0x08001d2c   0x00000020   Code   RO          954    i.IIC_SDA_IN        iic.o
    0x08001d4c   0x00000028   Code   RO          955    i.IIC_SDA_OUT       iic.o
    0x08001d74   0x0000003c   Code   RO          956    i.IIC_Start         iic.o
    0x08001db0   0x00000038   Code   RO          957    i.IIC_Stop          iic.o
    0x08001de8   0x00000088   Code   RO          958    i.IIC_Write_Byte    iic.o
    0x08001e70   0x00000030   Code   RO            5    i.JPEG_istrue       main.o
    0x08001ea0   0x000000fc   Code   RO          398    i.LED_Init          led.o
    0x08001f9c   0x0000012c   Code   RO          440    i.MY_DCMI_Init      dcmi.o
    0x080020c8   0x00000004   Code   RO          259    i.MemManage_Handler  stm32f4xx_it.o
    0x080020cc   0x00000002   Code   RO          260    i.NMI_Handler       stm32f4xx_it.o
    0x080020ce   0x00000002   PAD
    0x080020d0   0x00000078   Code   RO         1459    i.NVIC_Init         misc.o
    0x08002148   0x00000014   Code   RO         1460    i.NVIC_PriorityGroupConfig  misc.o
    0x0800215c   0x0000005a   Code   RO          599    i.OV5640_Brightness  ov5640.o
    0x080021b6   0x00000002   PAD
    0x080021b8   0x0000007c   Code   RO          600    i.OV5640_Color_Saturation  ov5640.o
    0x08002234   0x00000078   Code   RO          601    i.OV5640_Contrast   ov5640.o
    0x080022ac   0x00000032   Code   RO          603    i.OV5640_Flash_Ctrl  ov5640.o
    0x080022de   0x0000007c   Code   RO          604    i.OV5640_Focus_Constant  ov5640.o
    0x0800235a   0x00000002   PAD
    0x0800235c   0x000000b8   Code   RO          605    i.OV5640_Focus_Init  ov5640.o
    0x08002414   0x0000003c   Code   RO          606    i.OV5640_Focus_Single  ov5640.o
    0x08002450   0x00000034   Code   RO          607    i.OV5640_GPIOInit   ov5640.o
    0x08002484   0x000000cc   Code   RO          609    i.OV5640_Init       ov5640.o
    0x08002550   0x00000028   Code   RO          610    i.OV5640_JPEG_Mode  ov5640.o
    0x08002578   0x00000048   Code   RO          611    i.OV5640_Light_Mode  ov5640.o
    0x080025c0   0x00000080   Code   RO          612    i.OV5640_OutSize_Set  ov5640.o
    0x08002640   0x0000003c   Code   RO          613    i.OV5640_RD_Reg     ov5640.o
    0x0800267c   0x0000007a   Code   RO          615    i.OV5640_Sharpness  ov5640.o
    0x080026f6   0x00000002   PAD
    0x080026f8   0x00000068   Code   RO          616    i.OV5640_Special_Effects  ov5640.o
    0x08002760   0x0000003c   Code   RO          618    i.OV5640_WR_Reg     ov5640.o
    0x0800279c   0x0000005c   Code   RO         1018    i.PCF8563_Check     pcf8563.o
    0x080027f8   0x0000009c   Code   RO         1021    i.PCF8563_GetDate   pcf8563.o
    0x08002894   0x00000070   Code   RO         1023    i.PCF8563_GetTime   pcf8563.o
    0x08002904   0x00000078   Code   RO         1024    i.PCF8563_Get_Week  pcf8563.o
    0x0800297c   0x0000004c   Code   RO         1025    i.PCF8563_Init      pcf8563.o
    0x080029c8   0x00000034   Code   RO         1026    i.PCF8563_Read_Byte  pcf8563.o
    0x080029fc   0x00000058   Code   RO         1027    i.PCF8563_Read_nByte  pcf8563.o
    0x08002a54   0x0000002e   Code   RO         1032    i.PCF8563_SetMode   pcf8563.o
    0x08002a82   0x0000002e   Code   RO         1033    i.PCF8563_SetPowerReset  pcf8563.o
    0x08002ab0   0x00000114   Code   RO         1037    i.PCF8563_Set_Times  pcf8563.o
    0x08002bc4   0x0000002a   Code   RO         1038    i.PCF8563_Start     pcf8563.o
    0x08002bee   0x0000001a   Code   RO         1039    i.PCF8563_Stop      pcf8563.o
    0x08002c08   0x00000024   Code   RO         1040    i.PCF8563_Write_Byte  pcf8563.o
    0x08002c2c   0x0000003a   Code   RO         1041    i.PCF8563_Write_nByte  pcf8563.o
    0x08002c66   0x00000002   Code   RO          261    i.PendSV_Handler    stm32f4xx_it.o
    0x08002c68   0x00000020   Code   RO         1984    i.RCC_AHB1PeriphClockCmd  stm32f4xx_rcc.o
    0x08002c88   0x00000020   Code   RO         1987    i.RCC_AHB2PeriphClockCmd  stm32f4xx_rcc.o
    0x08002ca8   0x00000020   Code   RO         1990    i.RCC_AHB3PeriphClockCmd  stm32f4xx_rcc.o
    0x08002cc8   0x00000020   Code   RO         1993    i.RCC_APB1PeriphClockCmd  stm32f4xx_rcc.o
    0x08002ce8   0x00000020   Code   RO         1996    i.RCC_APB2PeriphClockCmd  stm32f4xx_rcc.o
    0x08002d08   0x00000020   Code   RO         1998    i.RCC_APB2PeriphResetCmd  stm32f4xx_rcc.o
    0x08002d28   0x000000e8   Code   RO         2005    i.RCC_GetClocksFreq  stm32f4xx_rcc.o
    0x08002e10   0x0000001e   Code   RO          831    i.RTC_Alarm_IRQHandler  rtc.o
    0x08002e2e   0x00000016   Code   RO         1044    i.RTC_Bcd2ToBin     pcf8563.o
    0x08002e44   0x0000001c   Code   RO         1045    i.RTC_BinToBcd2     pcf8563.o
    0x08002e60   0x0000001c   Code   RO         3214    i.RTC_ClearFlag     stm32f4xx_rtc.o
    0x08002e7c   0x00000028   Code   RO         3226    i.RTC_GetFlagStatus  stm32f4xx_rtc.o
    0x08002ea4   0x0000001e   Code   RO          838    i.RTC_WKUP_IRQHandler  rtc.o
    0x08002ec2   0x0000000a   Code   RO          746    i.SCCB_Delay        sccb.o
    0x08002ecc   0x00000054   Code   RO          747    i.SCCB_Init         sccb.o
    0x08002f20   0x00000038   Code   RO          748    i.SCCB_No_Ack       sccb.o
    0x08002f58   0x0000006c   Code   RO          749    i.SCCB_RD_Byte      sccb.o
    0x08002fc4   0x00000030   Code   RO          750    i.SCCB_Start        sccb.o
    0x08002ff4   0x0000002c   Code   RO          751    i.SCCB_Stop         sccb.o
    0x08003020   0x000000a0   Code   RO          752    i.SCCB_WR_Byte      sccb.o
    0x080030c0   0x00000002   Code   RO          262    i.SVC_Handler       stm32f4xx_it.o
    0x080030c2   0x00000002   PAD
    0x080030c4   0x000000ec   Code   RO          357    i.SetSysClock       system_stm32f4xx.o
    0x080031b0   0x00000028   Code   RO         1463    i.SysTick_CLKSourceConfig  misc.o
    0x080031d8   0x00000002   Code   RO          263    i.SysTick_Handler   stm32f4xx_it.o
    0x080031da   0x00000002   PAD
    0x080031dc   0x00000068   Code   RO          359    i.SystemInit        system_stm32f4xx.o
    0x08003244   0x0000011c   Code   RO          498    i.TIM3_IRQHandler   timer.o
    0x08003360   0x0000005c   Code   RO          499    i.TIM3_Int_Init     timer.o
    0x080033bc   0x00000006   Code   RO         2585    i.TIM_ClearITPendingBit  stm32f4xx_tim.o
    0x080033c2   0x00000018   Code   RO         2590    i.TIM_Cmd           stm32f4xx_tim.o
    0x080033da   0x00000022   Code   RO         2611    i.TIM_GetITStatus   stm32f4xx_tim.o
    0x080033fc   0x00000012   Code   RO         2615    i.TIM_ITConfig      stm32f4xx_tim.o
    0x0800340e   0x00000002   PAD
    0x08003410   0x00000084   Code   RO         2662    i.TIM_TimeBaseInit  stm32f4xx_tim.o
    0x08003494   0x00000034   Code   RO         1393    i.USART2_IRQHandler  usart.o
    0x080034c8   0x00000012   Code   RO         2382    i.USART_ClearFlag   stm32f4xx_usart.o
    0x080034da   0x00000018   Code   RO         2386    i.USART_Cmd         stm32f4xx_usart.o
    0x080034f2   0x0000001a   Code   RO         2389    i.USART_GetFlagStatus  stm32f4xx_usart.o
    0x0800350c   0x00000054   Code   RO         2390    i.USART_GetITStatus  stm32f4xx_usart.o
    0x08003560   0x0000004a   Code   RO         2392    i.USART_ITConfig    stm32f4xx_usart.o
    0x080035aa   0x00000002   PAD
    0x080035ac   0x000000d4   Code   RO         2393    i.USART_Init        stm32f4xx_usart.o
    0x08003680   0x0000000a   Code   RO         2400    i.USART_ReceiveData  stm32f4xx_usart.o
    0x0800368a   0x00000008   Code   RO         2403    i.USART_SendData    stm32f4xx_usart.o
    0x08003692   0x00000004   Code   RO          264    i.UsageFault_Handler  stm32f4xx_it.o
    0x08003696   0x00000002   PAD
    0x08003698   0x00000020   Code   RO         4027    i.__0printf$3       mc_w.l(printf3.o)
    0x080036b8   0x0000000e   Code   RO         4248    i.__scatterload_copy  mc_w.l(handlers.o)
    0x080036c6   0x00000002   Code   RO         4249    i.__scatterload_null  mc_w.l(handlers.o)
    0x080036c8   0x0000000e   Code   RO         4250    i.__scatterload_zeroinit  mc_w.l(handlers.o)
    0x080036d6   0x00000002   PAD
    0x080036d8   0x000001b8   Code   RO         4034    i._printf_core      mc_w.l(printf3.o)
    0x08003890   0x0000008c   Code   RO          399    i.camera_down       led.o
    0x0800391c   0x00000088   Code   RO          400    i.camera_up         led.o
    0x080039a4   0x0000003c   Code   RO         1249    i.delay_init        delay.o
    0x080039e0   0x00000038   Code   RO         1250    i.delay_ms          delay.o
    0x08003a18   0x0000004c   Code   RO         1251    i.delay_us          delay.o
    0x08003a64   0x0000004c   Code   RO         1252    i.delay_xms         delay.o
    0x08003ab0   0x00000038   Code   RO            8    i.find_ffd8         main.o
    0x08003ae8   0x00000038   Code   RO            9    i.find_ffd9         main.o
    0x08003b20   0x0000001c   Code   RO         1395    i.fputc             usart.o
    0x08003b3c   0x00000040   Code   RO           10    i.get_img_data      main.o
    0x08003b7c   0x000000ac   Code   RO           11    i.jpeg_data_process  main.o
    0x08003c28   0x000001cc   Code   RO           12    i.main              main.o
    0x08003df4   0x00000084   Code   RO           13    i.send_JPEG         main.o
    0x08003e78   0x000000a0   Code   RO           14    i.take_photo        main.o
    0x08003f18   0x000000b4   Code   RO         1396    i.uart2_init        usart.o
    0x08003fcc   0x0000008c   Code   RO         1397    i.uart3_init        usart.o
    0x08004058   0x00000024   Data   RO           17    .constdata          main.o
    0x0800407c   0x0000150d   Data   RO          619    .constdata          ov5640.o
    0x08005589   0x0000000c   Data   RO         1046    .constdata          pcf8563.o
    0x08005595   0x00000003   PAD
    0x08005598   0x00000020   Data   RO         4246    Region$$Table       anon$$obj.o


    Execution Region RW_IRAM1 (Base: 0x20000000, Size: 0x0000a520, Max: 0x00020000, ABSOLUTE)

    Base Addr    Size         Type   Attr      Idx    E Section Name        Object

    0x20000000   0x00000014   Data   RW           18    .data               main.o
    0x20000014   0x00000001   Data   RW          442    .data               dcmi.o
    0x20000015   0x00000001   Data   RW          500    .data               timer.o
    0x20000016   0x00000002   PAD
    0x20000018   0x0000000c   Data   RW          538    .data               ec20.o
    0x20000024   0x00000008   Data   RW         1047    .data               pcf8563.o
    0x2000002c   0x00000004   Data   RW         1253    .data               delay.o
    0x20000030   0x00000008   Data   RW         1399    .data               usart.o
    0x20000038   0x00000010   Data   RW         2037    .data               stm32f4xx_rcc.o
    0x20000048   0x0000a000   Zero   RW           16    .bss                main.o
    0x2000a048   0x0000000e   Zero   RW          441    .bss                dcmi.o
    0x2000a056   0x000000c8   Zero   RW         1398    .bss                usart.o
    0x2000a11e   0x00000002   PAD
    0x2000a120   0x00000400   Zero   RW         1449    STACK               startup_stm32f40_41xxx.o



  Load Region LR$$.ARM.__AT_0x68000000 (Base: 0x68000000, Size: 0x00000000, Max: 0x000c8000, ABSOLUTE)

    Execution Region ER$$.ARM.__AT_0x68000000 (Base: 0x68000000, Size: 0x000c8000, Max: 0x000c8000, ABSOLUTE, UNINIT)

    Base Addr    Size         Type   Attr      Idx    E Section Name        Object

    0x68000000   0x000c8000   Zero   RW           15    .ARM.__AT_0x68000000  main.o


==============================================================================

Image component sizes


      Code (inc. data)   RO Data    RW Data    ZI Data      Debug   Object Name

       234         14          0          0          0       1891   adc.o
       612         58          0          1         14       3833   dcmi.o
       268         16          0          4          0       2479   delay.o
      2176        440          0         12          0       4524   ec20.o
       572         66          0          0          0       4557   iic.o
       528         56          0          0          0       1853   led.o
      1292        112         36         20     860160     333063   main.o
       180         24          0          0          0       2073   misc.o
      1594         58       5389          0          0      11975   ov5640.o
      1276         22         12          8          0      16743   pcf8563.o
        60          0          0          0          0       1029   rtc.o
       510         62          0          0          0       3846   sccb.o
       724         22          0          0          0        981   sram.o
        36          8        392          0       1024        836   startup_stm32f40_41xxx.o
       374         24          0          0          0       5482   stm32f4xx_adc.o
       240         36          0          0          0       4143   stm32f4xx_dcmi.o
       742         58          0          0          0       8107   stm32f4xx_dma.o
        12          6          0          0          0        541   stm32f4xx_exti.o
       282          6          0          0          0       1821   stm32f4xx_fsmc.o
       218          0          0          0          0       2304   stm32f4xx_gpio.o
        26          0          0          0          0       4062   stm32f4xx_it.o
       424         54          0         16          0       6378   stm32f4xx_rcc.o
        68         12          0          0          0       1152   stm32f4xx_rtc.o
       214         28          0          0          0       3654   stm32f4xx_tim.o
       456          8          0          0          0       5979   stm32f4xx_usart.o
       222          0          0          0          0       1099   sys.o
       340         32          0          0          0       1473   system_stm32f4xx.o
       376         56          0          1          0       1406   timer.o
       400         32          0          8        200       4346   usart.o

    ----------------------------------------------------------------------
     14490       1310       5864         72     861400     441630   Object Totals
         0          0         32          0          0          0   (incl. Generated)
        34          0          3          2          2          0   (incl. Padding)

    ----------------------------------------------------------------------

      Code (inc. data)   RO Data    RW Data    ZI Data      Debug   Library Member Name

         0          0          0          0          0          0   entry.o
         0          0          0          0          0          0   entry10a.o
         0          0          0          0          0          0   entry11a.o
         8          4          0          0          0          0   entry2.o
         4          0          0          0          0          0   entry5.o
         0          0          0          0          0          0   entry7b.o
         0          0          0          0          0          0   entry8b.o
         8          4          0          0          0          0   entry9a.o
        30          0          0          0          0          0   handlers.o
        36          8          0          0          0         68   init.o
         0          0          0          0          0          0   iusefp.o
        30          0          0          0          0         68   llshl.o
        32          0          0          0          0         68   llushr.o
       472         14          0          0          0        184   printf3.o
        36          0          0          0          0         80   strstr.o
        44          0          0          0          0         80   uidiv.o
        48          0          0          0          0         68   cdcmple.o
        56          0          0          0          0         88   d2f.o
       222          0          0          0          0        100   ddiv.o
       186          0          0          0          0        176   depilogue.o
       228          0          0          0          0         96   dmul.o
        38          0          0          0          0         68   f2d.o
       110          0          0          0          0        168   fepilogue.o

    ----------------------------------------------------------------------
      1590         30          0          0          0       1312   Library Totals
         2          0          0          0          0          0   (incl. Padding)

    ----------------------------------------------------------------------

      Code (inc. data)   RO Data    RW Data    ZI Data      Debug   Library Name

       700         30          0          0          0        548   mc_w.l
       888          0          0          0          0        764   mf_w.l

    ----------------------------------------------------------------------
      1590         30          0          0          0       1312   Library Totals

    ----------------------------------------------------------------------

==============================================================================


      Code (inc. data)   RO Data    RW Data    ZI Data      Debug   

     16080       1340       5864         72     861400     427674   Grand Totals
     16080       1340       5864         72     861400     427674   ELF Image Totals
     16080       1340       5864         72          0          0   ROM Totals

==============================================================================

    Total RO  Size (Code + RO Data)                21944 (  21.43kB)
    Total RW  Size (RW Data + ZI Data)            861472 ( 841.28kB)
    Total ROM Size (Code + RO Data + RW Data)      22016 (  21.50kB)

==============================================================================

