<html>
<body>
<pre>
<h1>µVision Build Log</h1>
<h2>Tool Versions:</h2>
IDE-Version: ¦ÌVision V5.14.0.0
Copyright (C) 2015 ARM Ltd and ARM Germany GmbH. All rights reserved.
License Information: huwen huwen, HP Inc., LIC=UB4EI-TWFNV-68QFC-7JC4V-6JJC5-CE6T9
 
Tool Versions:
Toolchain:       MDK-ARM Professional  Version: 5.14.0.0
Toolchain Path:  D:\keil\ARM\ARMCC\Bin
C Compiler:      Armcc.exe V5.05 update 1 (build 106)
Assembler:       Armasm.exe V5.05 update 1 (build 106)
Linker/Locator:  ArmLink.exe V5.05 update 1 (build 106)
Library Manager: ArmAr.exe V5.05 update 1 (build 106)
Hex Converter:   FromElf.exe V5.05 update 1 (build 106)
CPU DLL:         SARMCM3.DLL V5.14.0.0
Dialog DLL:      DCM.DLL V1.13.1.0
Target DLL:      STLink\ST-LINKIII-KEIL_SWO.dll V2.0.14.0_KEIL
Dialog DLL:      TCM.DLL V1.14.4.0
 
<h2>Project:</h2>
C:\Users\ºúÎÈ\Desktop\EC20_5640-230601\EC20_5640\USER\OV2640.uvprojx
Project File Date:  06/01/2023

<h2>Output:</h2>
Rebuild target 'OV2640'
compiling main.c...
compiling stm32f4xx_it.c...
compiling system_stm32f4xx.c...
compiling led.c...
compiling dcmi.c...
compiling timer.c...
..\HARDWARE\TIMER\timer.c(53): warning:  #1035-D: single-precision operand implicitly converted to double-precision
                        temp=(float)adcx*3.3/4095.0;
..\HARDWARE\TIMER\timer.c(54): warning:  #1035-D: single-precision operand implicitly converted to double-precision
                        bat = temp * 6.0;
..\HARDWARE\TIMER\timer.c(56): warning:  #1035-D: single-precision operand implicitly converted to double-precision
                        if(bat < 6.0){
..\HARDWARE\TIMER\timer.c: 3 warnings, 0 errors
compiling EC20.c...
compiling ov5640.c...
compiling sccb.c...
compiling wakeup.c...
compiling rtc.c...
compiling sram.c...
compiling iic.c...
compiling pcf8563.c...
compiling adc.c...
compiling delay.c...
compiling sys.c...
compiling usart.c...
assembling startup_stm32f40_41xxx.s...
compiling misc.c...
compiling stm32f4xx_dcmi.c...
compiling stm32f4xx_gpio.c...
compiling stm32f4xx_fsmc.c...
compiling stm32f4xx_dma.c...
compiling stm32f4xx_rcc.c...
compiling stm32f4xx_syscfg.c...
compiling stm32f4xx_usart.c...
compiling stm32f4xx_tim.c...
compiling stm32f4xx_exti.c...
compiling stm32f4xx_rtc.c...
compiling stm32f4xx_pwr.c...
compiling stm32f4xx_adc.c...
linking...
Program Size: Code=16080 RO-data=5864 RW-data=72 ZI-data=861400  
FromELF: creating hex file...
"..\OBJ\OV2640.axf" - 0 Error(s), 3 Warning(s).

<h2>Collection of Component include folders:</h2>
  C:\Users\ºúÎÈ\Desktop\EC20_5640-230601\EC20_5640\USER\RTE
  D:\keil\Keil\STM32F4xx_DFP\2.10.0

<h2>Collection of Component Files used:</h2>
</pre>
</body>
</html>
